-- Logs begin at Fri 2019-04-05 07:47:10 PDT, end at Fri 2019-04-05 16:22:55 PDT. --
Apr 05 07:47:10 localhost.localdomain kernel: Linux version 4.18.16-300.fc29.x86_64 (mockbuild@bkernel04.phx2.fedoraproject.org) (gcc version 8.2.1 20180801 (Red Hat 8.2.1-2) (GCC)) #1 SMP Sat Oct 20 23:24:08 UTC 2018
Apr 05 07:47:10 localhost.localdomain kernel: Command line: BOOT_IMAGE=/vmlinuz-4.18.16-300.fc29.x86_64 root=/dev/mapper/fedora-root ro resume=/dev/mapper/fedora-swap rd.lvm.lv=fedora/root rd.lvm.lv=fedora/swap rhgb quiet LANG=en_US.UTF-8
Apr 05 07:47:10 localhost.localdomain kernel: Disabled fast string operations
Apr 05 07:47:10 localhost.localdomain kernel: x86/fpu: Supporting XSAVE feature 0x001: 'x87 floating point registers'
Apr 05 07:47:10 localhost.localdomain kernel: x86/fpu: Supporting XSAVE feature 0x002: 'SSE registers'
Apr 05 07:47:10 localhost.localdomain kernel: x86/fpu: Supporting XSAVE feature 0x004: 'AVX registers'
Apr 05 07:47:10 localhost.localdomain kernel: x86/fpu: Supporting XSAVE feature 0x008: 'MPX bounds registers'
Apr 05 07:47:10 localhost.localdomain kernel: x86/fpu: Supporting XSAVE feature 0x010: 'MPX CSR'
Apr 05 07:47:10 localhost.localdomain kernel: x86/fpu: xstate_offset[2]:  576, xstate_sizes[2]:  256
Apr 05 07:47:10 localhost.localdomain kernel: x86/fpu: xstate_offset[3]:  832, xstate_sizes[3]:   64
Apr 05 07:47:10 localhost.localdomain kernel: x86/fpu: xstate_offset[4]:  896, xstate_sizes[4]:   64
Apr 05 07:47:10 localhost.localdomain kernel: x86/fpu: Enabled xstate features 0x1f, context size is 960 bytes, using 'compacted' format.
Apr 05 07:47:10 localhost.localdomain kernel: BIOS-provided physical RAM map:
Apr 05 07:47:10 localhost.localdomain kernel: BIOS-e820: [mem 0x0000000000000000-0x000000000009ebff] usable
Apr 05 07:47:10 localhost.localdomain kernel: BIOS-e820: [mem 0x000000000009ec00-0x000000000009ffff] reserved
Apr 05 07:47:10 localhost.localdomain kernel: BIOS-e820: [mem 0x00000000000dc000-0x00000000000fffff] reserved
Apr 05 07:47:10 localhost.localdomain kernel: BIOS-e820: [mem 0x0000000000100000-0x000000007fedffff] usable
Apr 05 07:47:10 localhost.localdomain kernel: BIOS-e820: [mem 0x000000007fee0000-0x000000007fefefff] ACPI data
Apr 05 07:47:10 localhost.localdomain kernel: BIOS-e820: [mem 0x000000007feff000-0x000000007fefffff] ACPI NVS
Apr 05 07:47:10 localhost.localdomain kernel: BIOS-e820: [mem 0x000000007ff00000-0x000000007fffffff] usable
Apr 05 07:47:10 localhost.localdomain kernel: BIOS-e820: [mem 0x00000000f0000000-0x00000000f7ffffff] reserved
Apr 05 07:47:10 localhost.localdomain kernel: BIOS-e820: [mem 0x00000000fec00000-0x00000000fec0ffff] reserved
Apr 05 07:47:10 localhost.localdomain kernel: BIOS-e820: [mem 0x00000000fee00000-0x00000000fee00fff] reserved
Apr 05 07:47:10 localhost.localdomain kernel: BIOS-e820: [mem 0x00000000fffe0000-0x00000000ffffffff] reserved
Apr 05 07:47:10 localhost.localdomain kernel: NX (Execute Disable) protection: active
Apr 05 07:47:10 localhost.localdomain kernel: SMBIOS 2.7 present.
Apr 05 07:47:10 localhost.localdomain kernel: DMI: VMware, Inc. VMware Virtual Platform/440BX Desktop Reference Platform, BIOS 6.00 04/13/2018
Apr 05 07:47:10 localhost.localdomain kernel: Hypervisor detected: VMware
Apr 05 07:47:10 localhost.localdomain kernel: vmware: TSC freq read from hypervisor : 1992.003 MHz
Apr 05 07:47:10 localhost.localdomain kernel: vmware: Host bus clock speed read from hypervisor : 66000000 Hz
Apr 05 07:47:10 localhost.localdomain kernel: vmware: using sched offset of 8863324195 ns
Apr 05 07:47:10 localhost.localdomain kernel: e820: update [mem 0x00000000-0x00000fff] usable ==> reserved
Apr 05 07:47:10 localhost.localdomain kernel: e820: remove [mem 0x000a0000-0x000fffff] usable
Apr 05 07:47:10 localhost.localdomain kernel: last_pfn = 0x80000 max_arch_pfn = 0x400000000
Apr 05 07:47:10 localhost.localdomain kernel: MTRR default type: uncachable
Apr 05 07:47:10 localhost.localdomain kernel: MTRR fixed ranges enabled:
Apr 05 07:47:10 localhost.localdomain kernel:   00000-9FFFF write-back
Apr 05 07:47:10 localhost.localdomain kernel:   A0000-BFFFF uncachable
Apr 05 07:47:10 localhost.localdomain kernel:   C0000-CBFFF write-protect
Apr 05 07:47:10 localhost.localdomain kernel:   CC000-EFFFF uncachable
Apr 05 07:47:10 localhost.localdomain kernel:   F0000-FFFFF write-protect
Apr 05 07:47:10 localhost.localdomain kernel: MTRR variable ranges enabled:
Apr 05 07:47:10 localhost.localdomain kernel:   0 base 00000000000 mask 7FF00000000 write-back
Apr 05 07:47:10 localhost.localdomain kernel:   1 base 000C0000000 mask 7FFC0000000 uncachable
Apr 05 07:47:10 localhost.localdomain kernel:   2 disabled
Apr 05 07:47:10 localhost.localdomain kernel:   3 disabled
Apr 05 07:47:10 localhost.localdomain kernel:   4 disabled
Apr 05 07:47:10 localhost.localdomain kernel:   5 disabled
Apr 05 07:47:10 localhost.localdomain kernel:   6 disabled
Apr 05 07:47:10 localhost.localdomain kernel:   7 disabled
Apr 05 07:47:10 localhost.localdomain kernel: x86/PAT: Configuration [0-7]: WB  WC  UC- UC  WB  WP  UC- WT  
Apr 05 07:47:10 localhost.localdomain kernel: found SMP MP-table at [mem 0x000f6a80-0x000f6a8f] mapped at [(____ptrval____)]
Apr 05 07:47:10 localhost.localdomain kernel: Base memory trampoline at [(____ptrval____)] 98000 size 24576
Apr 05 07:47:10 localhost.localdomain kernel: Using GB pages for direct mapping
Apr 05 07:47:10 localhost.localdomain kernel: BRK [0x09ab0000, 0x09ab0fff] PGTABLE
Apr 05 07:47:10 localhost.localdomain kernel: BRK [0x09ab1000, 0x09ab1fff] PGTABLE
Apr 05 07:47:10 localhost.localdomain kernel: BRK [0x09ab2000, 0x09ab2fff] PGTABLE
Apr 05 07:47:10 localhost.localdomain kernel: BRK [0x09ab3000, 0x09ab3fff] PGTABLE
Apr 05 07:47:10 localhost.localdomain kernel: BRK [0x09ab4000, 0x09ab4fff] PGTABLE
Apr 05 07:47:10 localhost.localdomain kernel: BRK [0x09ab5000, 0x09ab5fff] PGTABLE
Apr 05 07:47:10 localhost.localdomain kernel: RAMDISK: [mem 0x3526b000-0x3692dfff]
Apr 05 07:47:10 localhost.localdomain kernel: ACPI: Early table checksum verification disabled
Apr 05 07:47:10 localhost.localdomain kernel: ACPI: RSDP 0x00000000000F6A10 000024 (v02 PTLTD )
Apr 05 07:47:10 localhost.localdomain kernel: ACPI: XSDT 0x000000007FEE965B 00005C (v01 INTEL  440BX    06040000 VMW  01324272)
Apr 05 07:47:10 localhost.localdomain kernel: ACPI: FACP 0x000000007FEFEE73 0000F4 (v04 INTEL  440BX    06040000 PTL  000F4240)
Apr 05 07:47:10 localhost.localdomain kernel: ACPI: DSDT 0x000000007FEEB345 013B2E (v01 PTLTD  Custom   06040000 MSFT 03000001)
Apr 05 07:47:10 localhost.localdomain kernel: ACPI: FACS 0x000000007FEFFFC0 000040
Apr 05 07:47:10 localhost.localdomain kernel: ACPI: FACS 0x000000007FEFFFC0 000040
Apr 05 07:47:10 localhost.localdomain kernel: ACPI: BOOT 0x000000007FEEB31D 000028 (v01 PTLTD  $SBFTBL$ 06040000  LTP 00000001)
Apr 05 07:47:10 localhost.localdomain kernel: ACPI: APIC 0x000000007FEEA8BD 000742 (v01 PTLTD  ? APIC   06040000  LTP 00000000)
Apr 05 07:47:10 localhost.localdomain kernel: ACPI: MCFG 0x000000007FEEA881 00003C (v01 PTLTD  $PCITBL$ 06040000  LTP 00000001)
Apr 05 07:47:10 localhost.localdomain kernel: ACPI: SRAT 0x000000007FEE9757 0008A8 (v02 VMWARE MEMPLUG  06040000 VMW  00000001)
Apr 05 07:47:10 localhost.localdomain kernel: ACPI: HPET 0x000000007FEE971F 000038 (v01 VMWARE VMW HPET 06040000 VMW  00000001)
Apr 05 07:47:10 localhost.localdomain kernel: ACPI: WAET 0x000000007FEE96F7 000028 (v01 VMWARE VMW WAET 06040000 VMW  00000001)
Apr 05 07:47:10 localhost.localdomain kernel: ACPI: Local APIC address 0xfee00000
Apr 05 07:47:10 localhost.localdomain kernel: system APIC only can use physical flat
Apr 05 07:47:10 localhost.localdomain kernel: Setting APIC routing to physical flat.
Apr 05 07:47:10 localhost.localdomain kernel: SRAT: PXM 0 -> APIC 0x00 -> Node 0
Apr 05 07:47:10 localhost.localdomain kernel: SRAT: PXM 0 -> APIC 0x02 -> Node 0
Apr 05 07:47:10 localhost.localdomain kernel: SRAT: PXM 0 -> APIC 0x04 -> Node 0
Apr 05 07:47:10 localhost.localdomain kernel: SRAT: PXM 0 -> APIC 0x06 -> Node 0
Apr 05 07:47:10 localhost.localdomain kernel: SRAT: PXM 0 -> APIC 0x08 -> Node 0
Apr 05 07:47:10 localhost.localdomain kernel: SRAT: PXM 0 -> APIC 0x0a -> Node 0
Apr 05 07:47:10 localhost.localdomain kernel: SRAT: PXM 0 -> APIC 0x0c -> Node 0
Apr 05 07:47:10 localhost.localdomain kernel: SRAT: PXM 0 -> APIC 0x0e -> Node 0
Apr 05 07:47:10 localhost.localdomain kernel: SRAT: PXM 0 -> APIC 0x10 -> Node 0
Apr 05 07:47:10 localhost.localdomain kernel: SRAT: PXM 0 -> APIC 0x12 -> Node 0
Apr 05 07:47:10 localhost.localdomain kernel: SRAT: PXM 0 -> APIC 0x14 -> Node 0
Apr 05 07:47:10 localhost.localdomain kernel: SRAT: PXM 0 -> APIC 0x16 -> Node 0
Apr 05 07:47:10 localhost.localdomain kernel: SRAT: PXM 0 -> APIC 0x18 -> Node 0
Apr 05 07:47:10 localhost.localdomain kernel: SRAT: PXM 0 -> APIC 0x1a -> Node 0
Apr 05 07:47:10 localhost.localdomain kernel: SRAT: PXM 0 -> APIC 0x1c -> Node 0
Apr 05 07:47:10 localhost.localdomain kernel: SRAT: PXM 0 -> APIC 0x1e -> Node 0
Apr 05 07:47:10 localhost.localdomain kernel: SRAT: PXM 0 -> APIC 0x20 -> Node 0
Apr 05 07:47:10 localhost.localdomain kernel: SRAT: PXM 0 -> APIC 0x22 -> Node 0
Apr 05 07:47:10 localhost.localdomain kernel: SRAT: PXM 0 -> APIC 0x24 -> Node 0
Apr 05 07:47:10 localhost.localdomain kernel: SRAT: PXM 0 -> APIC 0x26 -> Node 0
Apr 05 07:47:10 localhost.localdomain kernel: SRAT: PXM 0 -> APIC 0x28 -> Node 0
Apr 05 07:47:10 localhost.localdomain kernel: SRAT: PXM 0 -> APIC 0x2a -> Node 0
Apr 05 07:47:10 localhost.localdomain kernel: SRAT: PXM 0 -> APIC 0x2c -> Node 0
Apr 05 07:47:10 localhost.localdomain kernel: SRAT: PXM 0 -> APIC 0x2e -> Node 0
Apr 05 07:47:10 localhost.localdomain kernel: SRAT: PXM 0 -> APIC 0x30 -> Node 0
Apr 05 07:47:10 localhost.localdomain kernel: SRAT: PXM 0 -> APIC 0x32 -> Node 0
Apr 05 07:47:10 localhost.localdomain kernel: SRAT: PXM 0 -> APIC 0x34 -> Node 0
Apr 05 07:47:10 localhost.localdomain kernel: SRAT: PXM 0 -> APIC 0x36 -> Node 0
Apr 05 07:47:10 localhost.localdomain kernel: SRAT: PXM 0 -> APIC 0x38 -> Node 0
Apr 05 07:47:10 localhost.localdomain kernel: SRAT: PXM 0 -> APIC 0x3a -> Node 0
Apr 05 07:47:10 localhost.localdomain kernel: SRAT: PXM 0 -> APIC 0x3c -> Node 0
Apr 05 07:47:10 localhost.localdomain kernel: SRAT: PXM 0 -> APIC 0x3e -> Node 0
Apr 05 07:47:10 localhost.localdomain kernel: SRAT: PXM 0 -> APIC 0x40 -> Node 0
Apr 05 07:47:10 localhost.localdomain kernel: SRAT: PXM 0 -> APIC 0x42 -> Node 0
Apr 05 07:47:10 localhost.localdomain kernel: SRAT: PXM 0 -> APIC 0x44 -> Node 0
Apr 05 07:47:10 localhost.localdomain kernel: SRAT: PXM 0 -> APIC 0x46 -> Node 0
Apr 05 07:47:10 localhost.localdomain kernel: SRAT: PXM 0 -> APIC 0x48 -> Node 0
Apr 05 07:47:10 localhost.localdomain kernel: SRAT: PXM 0 -> APIC 0x4a -> Node 0
Apr 05 07:47:10 localhost.localdomain kernel: SRAT: PXM 0 -> APIC 0x4c -> Node 0
Apr 05 07:47:10 localhost.localdomain kernel: SRAT: PXM 0 -> APIC 0x4e -> Node 0
Apr 05 07:47:10 localhost.localdomain kernel: SRAT: PXM 0 -> APIC 0x50 -> Node 0
Apr 05 07:47:10 localhost.localdomain kernel: SRAT: PXM 0 -> APIC 0x52 -> Node 0
Apr 05 07:47:10 localhost.localdomain kernel: SRAT: PXM 0 -> APIC 0x54 -> Node 0
Apr 05 07:47:10 localhost.localdomain kernel: SRAT: PXM 0 -> APIC 0x56 -> Node 0
Apr 05 07:47:10 localhost.localdomain kernel: SRAT: PXM 0 -> APIC 0x58 -> Node 0
Apr 05 07:47:10 localhost.localdomain kernel: SRAT: PXM 0 -> APIC 0x5a -> Node 0
Apr 05 07:47:10 localhost.localdomain kernel: SRAT: PXM 0 -> APIC 0x5c -> Node 0
Apr 05 07:47:10 localhost.localdomain kernel: SRAT: PXM 0 -> APIC 0x5e -> Node 0
Apr 05 07:47:10 localhost.localdomain kernel: SRAT: PXM 0 -> APIC 0x60 -> Node 0
Apr 05 07:47:10 localhost.localdomain kernel: SRAT: PXM 0 -> APIC 0x62 -> Node 0
Apr 05 07:47:10 localhost.localdomain kernel: SRAT: PXM 0 -> APIC 0x64 -> Node 0
Apr 05 07:47:10 localhost.localdomain kernel: SRAT: PXM 0 -> APIC 0x66 -> Node 0
Apr 05 07:47:10 localhost.localdomain kernel: SRAT: PXM 0 -> APIC 0x68 -> Node 0
Apr 05 07:47:10 localhost.localdomain kernel: SRAT: PXM 0 -> APIC 0x6a -> Node 0
Apr 05 07:47:10 localhost.localdomain kernel: SRAT: PXM 0 -> APIC 0x6c -> Node 0
Apr 05 07:47:10 localhost.localdomain kernel: SRAT: PXM 0 -> APIC 0x6e -> Node 0
Apr 05 07:47:10 localhost.localdomain kernel: SRAT: PXM 0 -> APIC 0x70 -> Node 0
Apr 05 07:47:10 localhost.localdomain kernel: SRAT: PXM 0 -> APIC 0x72 -> Node 0
Apr 05 07:47:10 localhost.localdomain kernel: SRAT: PXM 0 -> APIC 0x74 -> Node 0
Apr 05 07:47:10 localhost.localdomain kernel: SRAT: PXM 0 -> APIC 0x76 -> Node 0
Apr 05 07:47:10 localhost.localdomain kernel: SRAT: PXM 0 -> APIC 0x78 -> Node 0
Apr 05 07:47:10 localhost.localdomain kernel: SRAT: PXM 0 -> APIC 0x7a -> Node 0
Apr 05 07:47:10 localhost.localdomain kernel: SRAT: PXM 0 -> APIC 0x7c -> Node 0
Apr 05 07:47:10 localhost.localdomain kernel: SRAT: PXM 0 -> APIC 0x7e -> Node 0
Apr 05 07:47:10 localhost.localdomain kernel: SRAT: PXM 0 -> APIC 0x80 -> Node 0
Apr 05 07:47:10 localhost.localdomain kernel: SRAT: PXM 0 -> APIC 0x82 -> Node 0
Apr 05 07:47:10 localhost.localdomain kernel: SRAT: PXM 0 -> APIC 0x84 -> Node 0
Apr 05 07:47:10 localhost.localdomain kernel: SRAT: PXM 0 -> APIC 0x86 -> Node 0
Apr 05 07:47:10 localhost.localdomain kernel: SRAT: PXM 0 -> APIC 0x88 -> Node 0
Apr 05 07:47:10 localhost.localdomain kernel: SRAT: PXM 0 -> APIC 0x8a -> Node 0
Apr 05 07:47:10 localhost.localdomain kernel: SRAT: PXM 0 -> APIC 0x8c -> Node 0
Apr 05 07:47:10 localhost.localdomain kernel: SRAT: PXM 0 -> APIC 0x8e -> Node 0
Apr 05 07:47:10 localhost.localdomain kernel: SRAT: PXM 0 -> APIC 0x90 -> Node 0
Apr 05 07:47:10 localhost.localdomain kernel: SRAT: PXM 0 -> APIC 0x92 -> Node 0
Apr 05 07:47:10 localhost.localdomain kernel: SRAT: PXM 0 -> APIC 0x94 -> Node 0
Apr 05 07:47:10 localhost.localdomain kernel: SRAT: PXM 0 -> APIC 0x96 -> Node 0
Apr 05 07:47:10 localhost.localdomain kernel: SRAT: PXM 0 -> APIC 0x98 -> Node 0
Apr 05 07:47:10 localhost.localdomain kernel: SRAT: PXM 0 -> APIC 0x9a -> Node 0
Apr 05 07:47:10 localhost.localdomain kernel: SRAT: PXM 0 -> APIC 0x9c -> Node 0
Apr 05 07:47:10 localhost.localdomain kernel: SRAT: PXM 0 -> APIC 0x9e -> Node 0
Apr 05 07:47:10 localhost.localdomain kernel: SRAT: PXM 0 -> APIC 0xa0 -> Node 0
Apr 05 07:47:10 localhost.localdomain kernel: SRAT: PXM 0 -> APIC 0xa2 -> Node 0
Apr 05 07:47:10 localhost.localdomain kernel: SRAT: PXM 0 -> APIC 0xa4 -> Node 0
Apr 05 07:47:10 localhost.localdomain kernel: SRAT: PXM 0 -> APIC 0xa6 -> Node 0
Apr 05 07:47:10 localhost.localdomain kernel: SRAT: PXM 0 -> APIC 0xa8 -> Node 0
Apr 05 07:47:10 localhost.localdomain kernel: SRAT: PXM 0 -> APIC 0xaa -> Node 0
Apr 05 07:47:10 localhost.localdomain kernel: SRAT: PXM 0 -> APIC 0xac -> Node 0
Apr 05 07:47:10 localhost.localdomain kernel: SRAT: PXM 0 -> APIC 0xae -> Node 0
Apr 05 07:47:10 localhost.localdomain kernel: SRAT: PXM 0 -> APIC 0xb0 -> Node 0
Apr 05 07:47:10 localhost.localdomain kernel: SRAT: PXM 0 -> APIC 0xb2 -> Node 0
Apr 05 07:47:10 localhost.localdomain kernel: SRAT: PXM 0 -> APIC 0xb4 -> Node 0
Apr 05 07:47:10 localhost.localdomain kernel: SRAT: PXM 0 -> APIC 0xb6 -> Node 0
Apr 05 07:47:10 localhost.localdomain kernel: SRAT: PXM 0 -> APIC 0xb8 -> Node 0
Apr 05 07:47:10 localhost.localdomain kernel: SRAT: PXM 0 -> APIC 0xba -> Node 0
Apr 05 07:47:10 localhost.localdomain kernel: SRAT: PXM 0 -> APIC 0xbc -> Node 0
Apr 05 07:47:10 localhost.localdomain kernel: SRAT: PXM 0 -> APIC 0xbe -> Node 0
Apr 05 07:47:10 localhost.localdomain kernel: SRAT: PXM 0 -> APIC 0xc0 -> Node 0
Apr 05 07:47:10 localhost.localdomain kernel: SRAT: PXM 0 -> APIC 0xc2 -> Node 0
Apr 05 07:47:10 localhost.localdomain kernel: SRAT: PXM 0 -> APIC 0xc4 -> Node 0
Apr 05 07:47:10 localhost.localdomain kernel: SRAT: PXM 0 -> APIC 0xc6 -> Node 0
Apr 05 07:47:10 localhost.localdomain kernel: SRAT: PXM 0 -> APIC 0xc8 -> Node 0
Apr 05 07:47:10 localhost.localdomain kernel: SRAT: PXM 0 -> APIC 0xca -> Node 0
Apr 05 07:47:10 localhost.localdomain kernel: SRAT: PXM 0 -> APIC 0xcc -> Node 0
Apr 05 07:47:10 localhost.localdomain kernel: SRAT: PXM 0 -> APIC 0xce -> Node 0
Apr 05 07:47:10 localhost.localdomain kernel: SRAT: PXM 0 -> APIC 0xd0 -> Node 0
Apr 05 07:47:10 localhost.localdomain kernel: SRAT: PXM 0 -> APIC 0xd2 -> Node 0
Apr 05 07:47:10 localhost.localdomain kernel: SRAT: PXM 0 -> APIC 0xd4 -> Node 0
Apr 05 07:47:10 localhost.localdomain kernel: SRAT: PXM 0 -> APIC 0xd6 -> Node 0
Apr 05 07:47:10 localhost.localdomain kernel: SRAT: PXM 0 -> APIC 0xd8 -> Node 0
Apr 05 07:47:10 localhost.localdomain kernel: SRAT: PXM 0 -> APIC 0xda -> Node 0
Apr 05 07:47:10 localhost.localdomain kernel: SRAT: PXM 0 -> APIC 0xdc -> Node 0
Apr 05 07:47:10 localhost.localdomain kernel: SRAT: PXM 0 -> APIC 0xde -> Node 0
Apr 05 07:47:10 localhost.localdomain kernel: SRAT: PXM 0 -> APIC 0xe0 -> Node 0
Apr 05 07:47:10 localhost.localdomain kernel: SRAT: PXM 0 -> APIC 0xe2 -> Node 0
Apr 05 07:47:10 localhost.localdomain kernel: SRAT: PXM 0 -> APIC 0xe4 -> Node 0
Apr 05 07:47:10 localhost.localdomain kernel: SRAT: PXM 0 -> APIC 0xe6 -> Node 0
Apr 05 07:47:10 localhost.localdomain kernel: SRAT: PXM 0 -> APIC 0xe8 -> Node 0
Apr 05 07:47:10 localhost.localdomain kernel: SRAT: PXM 0 -> APIC 0xea -> Node 0
Apr 05 07:47:10 localhost.localdomain kernel: SRAT: PXM 0 -> APIC 0xec -> Node 0
Apr 05 07:47:10 localhost.localdomain kernel: SRAT: PXM 0 -> APIC 0xee -> Node 0
Apr 05 07:47:10 localhost.localdomain kernel: SRAT: PXM 0 -> APIC 0xf0 -> Node 0
Apr 05 07:47:10 localhost.localdomain kernel: SRAT: PXM 0 -> APIC 0xf2 -> Node 0
Apr 05 07:47:10 localhost.localdomain kernel: SRAT: PXM 0 -> APIC 0xf4 -> Node 0
Apr 05 07:47:10 localhost.localdomain kernel: SRAT: PXM 0 -> APIC 0xf6 -> Node 0
Apr 05 07:47:10 localhost.localdomain kernel: SRAT: PXM 0 -> APIC 0xf8 -> Node 0
Apr 05 07:47:10 localhost.localdomain kernel: SRAT: PXM 0 -> APIC 0xfa -> Node 0
Apr 05 07:47:10 localhost.localdomain kernel: SRAT: PXM 0 -> APIC 0xfc -> Node 0
Apr 05 07:47:10 localhost.localdomain kernel: SRAT: PXM 0 -> APIC 0xfe -> Node 0
Apr 05 07:47:10 localhost.localdomain kernel: ACPI: SRAT: Node 0 PXM 0 [mem 0x00000000-0x0009ffff]
Apr 05 07:47:10 localhost.localdomain kernel: ACPI: SRAT: Node 0 PXM 0 [mem 0x00100000-0x7fffffff]
Apr 05 07:47:10 localhost.localdomain kernel: ACPI: SRAT: Node 0 PXM 0 [mem 0x80000000-0xbfffffff] hotplug
Apr 05 07:47:10 localhost.localdomain kernel: NUMA: Node 0 [mem 0x00000000-0x0009ffff] + [mem 0x00100000-0x7fffffff] -> [mem 0x00000000-0x7fffffff]
Apr 05 07:47:10 localhost.localdomain kernel: NODE_DATA(0) allocated [mem 0x7ffd5000-0x7fffffff]
Apr 05 07:47:10 localhost.localdomain kernel: Zone ranges:
Apr 05 07:47:10 localhost.localdomain kernel:   DMA      [mem 0x0000000000001000-0x0000000000ffffff]
Apr 05 07:47:10 localhost.localdomain kernel:   DMA32    [mem 0x0000000001000000-0x000000007fffffff]
Apr 05 07:47:10 localhost.localdomain kernel:   Normal   empty
Apr 05 07:47:10 localhost.localdomain kernel:   Device   empty
Apr 05 07:47:10 localhost.localdomain kernel: Movable zone start for each node
Apr 05 07:47:10 localhost.localdomain kernel: Early memory node ranges
Apr 05 07:47:10 localhost.localdomain kernel:   node   0: [mem 0x0000000000001000-0x000000000009dfff]
Apr 05 07:47:10 localhost.localdomain kernel:   node   0: [mem 0x0000000000100000-0x000000007fedffff]
Apr 05 07:47:10 localhost.localdomain kernel:   node   0: [mem 0x000000007ff00000-0x000000007fffffff]
Apr 05 07:47:10 localhost.localdomain kernel: Reserved but unavailable: 131 pages
Apr 05 07:47:10 localhost.localdomain kernel: Initmem setup node 0 [mem 0x0000000000001000-0x000000007fffffff]
Apr 05 07:47:10 localhost.localdomain kernel: On node 0 totalpages: 524157
Apr 05 07:47:10 localhost.localdomain kernel:   DMA zone: 64 pages used for memmap
Apr 05 07:47:10 localhost.localdomain kernel:   DMA zone: 21 pages reserved
Apr 05 07:47:10 localhost.localdomain kernel:   DMA zone: 3997 pages, LIFO batch:0
Apr 05 07:47:10 localhost.localdomain kernel:   DMA32 zone: 8128 pages used for memmap
Apr 05 07:47:10 localhost.localdomain kernel:   DMA32 zone: 520160 pages, LIFO batch:31
Apr 05 07:47:10 localhost.localdomain kernel: ACPI: PM-Timer IO Port: 0x1008
Apr 05 07:47:10 localhost.localdomain kernel: ACPI: Local APIC address 0xfee00000
Apr 05 07:47:10 localhost.localdomain kernel: system APIC only can use physical flat
Apr 05 07:47:10 localhost.localdomain kernel: ACPI: LAPIC_NMI (acpi_id[0x00] high edge lint[0x1])
Apr 05 07:47:10 localhost.localdomain kernel: ACPI: LAPIC_NMI (acpi_id[0x01] high edge lint[0x1])
Apr 05 07:47:10 localhost.localdomain kernel: ACPI: LAPIC_NMI (acpi_id[0x02] high edge lint[0x1])
Apr 05 07:47:10 localhost.localdomain kernel: ACPI: LAPIC_NMI (acpi_id[0x03] high edge lint[0x1])
Apr 05 07:47:10 localhost.localdomain kernel: ACPI: LAPIC_NMI (acpi_id[0x04] high edge lint[0x1])
Apr 05 07:47:10 localhost.localdomain kernel: ACPI: LAPIC_NMI (acpi_id[0x05] high edge lint[0x1])
Apr 05 07:47:10 localhost.localdomain kernel: ACPI: LAPIC_NMI (acpi_id[0x06] high edge lint[0x1])
Apr 05 07:47:10 localhost.localdomain kernel: ACPI: LAPIC_NMI (acpi_id[0x07] high edge lint[0x1])
Apr 05 07:47:10 localhost.localdomain kernel: ACPI: LAPIC_NMI (acpi_id[0x08] high edge lint[0x1])
Apr 05 07:47:10 localhost.localdomain kernel: ACPI: LAPIC_NMI (acpi_id[0x09] high edge lint[0x1])
Apr 05 07:47:10 localhost.localdomain kernel: ACPI: LAPIC_NMI (acpi_id[0x0a] high edge lint[0x1])
Apr 05 07:47:10 localhost.localdomain kernel: ACPI: LAPIC_NMI (acpi_id[0x0b] high edge lint[0x1])
Apr 05 07:47:10 localhost.localdomain kernel: ACPI: LAPIC_NMI (acpi_id[0x0c] high edge lint[0x1])
Apr 05 07:47:10 localhost.localdomain kernel: ACPI: LAPIC_NMI (acpi_id[0x0d] high edge lint[0x1])
Apr 05 07:47:10 localhost.localdomain kernel: ACPI: LAPIC_NMI (acpi_id[0x0e] high edge lint[0x1])
Apr 05 07:47:10 localhost.localdomain kernel: ACPI: LAPIC_NMI (acpi_id[0x0f] high edge lint[0x1])
Apr 05 07:47:10 localhost.localdomain kernel: ACPI: LAPIC_NMI (acpi_id[0x10] high edge lint[0x1])
Apr 05 07:47:10 localhost.localdomain kernel: ACPI: LAPIC_NMI (acpi_id[0x11] high edge lint[0x1])
Apr 05 07:47:10 localhost.localdomain kernel: ACPI: LAPIC_NMI (acpi_id[0x12] high edge lint[0x1])
Apr 05 07:47:10 localhost.localdomain kernel: ACPI: LAPIC_NMI (acpi_id[0x13] high edge lint[0x1])
Apr 05 07:47:10 localhost.localdomain kernel: ACPI: LAPIC_NMI (acpi_id[0x14] high edge lint[0x1])
Apr 05 07:47:10 localhost.localdomain kernel: ACPI: LAPIC_NMI (acpi_id[0x15] high edge lint[0x1])
Apr 05 07:47:10 localhost.localdomain kernel: ACPI: LAPIC_NMI (acpi_id[0x16] high edge lint[0x1])
Apr 05 07:47:10 localhost.localdomain kernel: ACPI: LAPIC_NMI (acpi_id[0x17] high edge lint[0x1])
Apr 05 07:47:10 localhost.localdomain kernel: ACPI: LAPIC_NMI (acpi_id[0x18] high edge lint[0x1])
Apr 05 07:47:10 localhost.localdomain kernel: ACPI: LAPIC_NMI (acpi_id[0x19] high edge lint[0x1])
Apr 05 07:47:10 localhost.localdomain kernel: ACPI: LAPIC_NMI (acpi_id[0x1a] high edge lint[0x1])
Apr 05 07:47:10 localhost.localdomain kernel: ACPI: LAPIC_NMI (acpi_id[0x1b] high edge lint[0x1])
Apr 05 07:47:10 localhost.localdomain kernel: ACPI: LAPIC_NMI (acpi_id[0x1c] high edge lint[0x1])
Apr 05 07:47:10 localhost.localdomain kernel: ACPI: LAPIC_NMI (acpi_id[0x1d] high edge lint[0x1])
Apr 05 07:47:10 localhost.localdomain kernel: ACPI: LAPIC_NMI (acpi_id[0x1e] high edge lint[0x1])
Apr 05 07:47:10 localhost.localdomain kernel: ACPI: LAPIC_NMI (acpi_id[0x1f] high edge lint[0x1])
Apr 05 07:47:10 localhost.localdomain kernel: ACPI: LAPIC_NMI (acpi_id[0x20] high edge lint[0x1])
Apr 05 07:47:10 localhost.localdomain kernel: ACPI: LAPIC_NMI (acpi_id[0x21] high edge lint[0x1])
Apr 05 07:47:10 localhost.localdomain kernel: ACPI: LAPIC_NMI (acpi_id[0x22] high edge lint[0x1])
Apr 05 07:47:10 localhost.localdomain kernel: ACPI: LAPIC_NMI (acpi_id[0x23] high edge lint[0x1])
Apr 05 07:47:10 localhost.localdomain kernel: ACPI: LAPIC_NMI (acpi_id[0x24] high edge lint[0x1])
Apr 05 07:47:10 localhost.localdomain kernel: ACPI: LAPIC_NMI (acpi_id[0x25] high edge lint[0x1])
Apr 05 07:47:10 localhost.localdomain kernel: ACPI: LAPIC_NMI (acpi_id[0x26] high edge lint[0x1])
Apr 05 07:47:10 localhost.localdomain kernel: ACPI: LAPIC_NMI (acpi_id[0x27] high edge lint[0x1])
Apr 05 07:47:10 localhost.localdomain kernel: ACPI: LAPIC_NMI (acpi_id[0x28] high edge lint[0x1])
Apr 05 07:47:10 localhost.localdomain kernel: ACPI: LAPIC_NMI (acpi_id[0x29] high edge lint[0x1])
Apr 05 07:47:10 localhost.localdomain kernel: ACPI: LAPIC_NMI (acpi_id[0x2a] high edge lint[0x1])
Apr 05 07:47:10 localhost.localdomain kernel: ACPI: LAPIC_NMI (acpi_id[0x2b] high edge lint[0x1])
Apr 05 07:47:10 localhost.localdomain kernel: ACPI: LAPIC_NMI (acpi_id[0x2c] high edge lint[0x1])
Apr 05 07:47:10 localhost.localdomain kernel: ACPI: LAPIC_NMI (acpi_id[0x2d] high edge lint[0x1])
Apr 05 07:47:10 localhost.localdomain kernel: ACPI: LAPIC_NMI (acpi_id[0x2e] high edge lint[0x1])
Apr 05 07:47:10 localhost.localdomain kernel: ACPI: LAPIC_NMI (acpi_id[0x2f] high edge lint[0x1])
Apr 05 07:47:10 localhost.localdomain kernel: ACPI: LAPIC_NMI (acpi_id[0x30] high edge lint[0x1])
Apr 05 07:47:10 localhost.localdomain kernel: ACPI: LAPIC_NMI (acpi_id[0x31] high edge lint[0x1])
Apr 05 07:47:10 localhost.localdomain kernel: ACPI: LAPIC_NMI (acpi_id[0x32] high edge lint[0x1])
Apr 05 07:47:10 localhost.localdomain kernel: ACPI: LAPIC_NMI (acpi_id[0x33] high edge lint[0x1])
Apr 05 07:47:10 localhost.localdomain kernel: ACPI: LAPIC_NMI (acpi_id[0x34] high edge lint[0x1])
Apr 05 07:47:10 localhost.localdomain kernel: ACPI: LAPIC_NMI (acpi_id[0x35] high edge lint[0x1])
Apr 05 07:47:10 localhost.localdomain kernel: ACPI: LAPIC_NMI (acpi_id[0x36] high edge lint[0x1])
Apr 05 07:47:10 localhost.localdomain kernel: ACPI: LAPIC_NMI (acpi_id[0x37] high edge lint[0x1])
Apr 05 07:47:10 localhost.localdomain kernel: ACPI: LAPIC_NMI (acpi_id[0x38] high edge lint[0x1])
Apr 05 07:47:10 localhost.localdomain kernel: ACPI: LAPIC_NMI (acpi_id[0x39] high edge lint[0x1])
Apr 05 07:47:10 localhost.localdomain kernel: ACPI: LAPIC_NMI (acpi_id[0x3a] high edge lint[0x1])
Apr 05 07:47:10 localhost.localdomain kernel: ACPI: LAPIC_NMI (acpi_id[0x3b] high edge lint[0x1])
Apr 05 07:47:10 localhost.localdomain kernel: ACPI: LAPIC_NMI (acpi_id[0x3c] high edge lint[0x1])
Apr 05 07:47:10 localhost.localdomain kernel: ACPI: LAPIC_NMI (acpi_id[0x3d] high edge lint[0x1])
Apr 05 07:47:10 localhost.localdomain kernel: ACPI: LAPIC_NMI (acpi_id[0x3e] high edge lint[0x1])
Apr 05 07:47:10 localhost.localdomain kernel: ACPI: LAPIC_NMI (acpi_id[0x3f] high edge lint[0x1])
Apr 05 07:47:10 localhost.localdomain kernel: ACPI: LAPIC_NMI (acpi_id[0x40] high edge lint[0x1])
Apr 05 07:47:10 localhost.localdomain kernel: ACPI: LAPIC_NMI (acpi_id[0x41] high edge lint[0x1])
Apr 05 07:47:10 localhost.localdomain kernel: ACPI: LAPIC_NMI (acpi_id[0x42] high edge lint[0x1])
Apr 05 07:47:10 localhost.localdomain kernel: ACPI: LAPIC_NMI (acpi_id[0x43] high edge lint[0x1])
Apr 05 07:47:10 localhost.localdomain kernel: ACPI: LAPIC_NMI (acpi_id[0x44] high edge lint[0x1])
Apr 05 07:47:10 localhost.localdomain kernel: ACPI: LAPIC_NMI (acpi_id[0x45] high edge lint[0x1])
Apr 05 07:47:10 localhost.localdomain kernel: ACPI: LAPIC_NMI (acpi_id[0x46] high edge lint[0x1])
Apr 05 07:47:10 localhost.localdomain kernel: ACPI: LAPIC_NMI (acpi_id[0x47] high edge lint[0x1])
Apr 05 07:47:10 localhost.localdomain kernel: ACPI: LAPIC_NMI (acpi_id[0x48] high edge lint[0x1])
Apr 05 07:47:10 localhost.localdomain kernel: ACPI: LAPIC_NMI (acpi_id[0x49] high edge lint[0x1])
Apr 05 07:47:10 localhost.localdomain kernel: ACPI: LAPIC_NMI (acpi_id[0x4a] high edge lint[0x1])
Apr 05 07:47:10 localhost.localdomain kernel: ACPI: LAPIC_NMI (acpi_id[0x4b] high edge lint[0x1])
Apr 05 07:47:10 localhost.localdomain kernel: ACPI: LAPIC_NMI (acpi_id[0x4c] high edge lint[0x1])
Apr 05 07:47:10 localhost.localdomain kernel: ACPI: LAPIC_NMI (acpi_id[0x4d] high edge lint[0x1])
Apr 05 07:47:10 localhost.localdomain kernel: ACPI: LAPIC_NMI (acpi_id[0x4e] high edge lint[0x1])
Apr 05 07:47:10 localhost.localdomain kernel: ACPI: LAPIC_NMI (acpi_id[0x4f] high edge lint[0x1])
Apr 05 07:47:10 localhost.localdomain kernel: ACPI: LAPIC_NMI (acpi_id[0x50] high edge lint[0x1])
Apr 05 07:47:10 localhost.localdomain kernel: ACPI: LAPIC_NMI (acpi_id[0x51] high edge lint[0x1])
Apr 05 07:47:10 localhost.localdomain kernel: ACPI: LAPIC_NMI (acpi_id[0x52] high edge lint[0x1])
Apr 05 07:47:10 localhost.localdomain kernel: ACPI: LAPIC_NMI (acpi_id[0x53] high edge lint[0x1])
Apr 05 07:47:10 localhost.localdomain kernel: ACPI: LAPIC_NMI (acpi_id[0x54] high edge lint[0x1])
Apr 05 07:47:10 localhost.localdomain kernel: ACPI: LAPIC_NMI (acpi_id[0x55] high edge lint[0x1])
Apr 05 07:47:10 localhost.localdomain kernel: ACPI: LAPIC_NMI (acpi_id[0x56] high edge lint[0x1])
Apr 05 07:47:10 localhost.localdomain kernel: ACPI: LAPIC_NMI (acpi_id[0x57] high edge lint[0x1])
Apr 05 07:47:10 localhost.localdomain kernel: ACPI: LAPIC_NMI (acpi_id[0x58] high edge lint[0x1])
Apr 05 07:47:10 localhost.localdomain kernel: ACPI: LAPIC_NMI (acpi_id[0x59] high edge lint[0x1])
Apr 05 07:47:10 localhost.localdomain kernel: ACPI: LAPIC_NMI (acpi_id[0x5a] high edge lint[0x1])
Apr 05 07:47:10 localhost.localdomain kernel: ACPI: LAPIC_NMI (acpi_id[0x5b] high edge lint[0x1])
Apr 05 07:47:10 localhost.localdomain kernel: ACPI: LAPIC_NMI (acpi_id[0x5c] high edge lint[0x1])
Apr 05 07:47:10 localhost.localdomain kernel: ACPI: LAPIC_NMI (acpi_id[0x5d] high edge lint[0x1])
Apr 05 07:47:10 localhost.localdomain kernel: ACPI: LAPIC_NMI (acpi_id[0x5e] high edge lint[0x1])
Apr 05 07:47:10 localhost.localdomain kernel: ACPI: LAPIC_NMI (acpi_id[0x5f] high edge lint[0x1])
Apr 05 07:47:10 localhost.localdomain kernel: ACPI: LAPIC_NMI (acpi_id[0x60] high edge lint[0x1])
Apr 05 07:47:10 localhost.localdomain kernel: ACPI: LAPIC_NMI (acpi_id[0x61] high edge lint[0x1])
Apr 05 07:47:10 localhost.localdomain kernel: ACPI: LAPIC_NMI (acpi_id[0x62] high edge lint[0x1])
Apr 05 07:47:10 localhost.localdomain kernel: ACPI: LAPIC_NMI (acpi_id[0x63] high edge lint[0x1])
Apr 05 07:47:10 localhost.localdomain kernel: ACPI: LAPIC_NMI (acpi_id[0x64] high edge lint[0x1])
Apr 05 07:47:10 localhost.localdomain kernel: ACPI: LAPIC_NMI (acpi_id[0x65] high edge lint[0x1])
Apr 05 07:47:10 localhost.localdomain kernel: ACPI: LAPIC_NMI (acpi_id[0x66] high edge lint[0x1])
Apr 05 07:47:10 localhost.localdomain kernel: ACPI: LAPIC_NMI (acpi_id[0x67] high edge lint[0x1])
Apr 05 07:47:10 localhost.localdomain kernel: ACPI: LAPIC_NMI (acpi_id[0x68] high edge lint[0x1])
Apr 05 07:47:10 localhost.localdomain kernel: ACPI: LAPIC_NMI (acpi_id[0x69] high edge lint[0x1])
Apr 05 07:47:10 localhost.localdomain kernel: ACPI: LAPIC_NMI (acpi_id[0x6a] high edge lint[0x1])
Apr 05 07:47:10 localhost.localdomain kernel: ACPI: LAPIC_NMI (acpi_id[0x6b] high edge lint[0x1])
Apr 05 07:47:10 localhost.localdomain kernel: ACPI: LAPIC_NMI (acpi_id[0x6c] high edge lint[0x1])
Apr 05 07:47:10 localhost.localdomain kernel: ACPI: LAPIC_NMI (acpi_id[0x6d] high edge lint[0x1])
Apr 05 07:47:10 localhost.localdomain kernel: ACPI: LAPIC_NMI (acpi_id[0x6e] high edge lint[0x1])
Apr 05 07:47:10 localhost.localdomain kernel: ACPI: LAPIC_NMI (acpi_id[0x6f] high edge lint[0x1])
Apr 05 07:47:10 localhost.localdomain kernel: ACPI: LAPIC_NMI (acpi_id[0x70] high edge lint[0x1])
Apr 05 07:47:10 localhost.localdomain kernel: ACPI: LAPIC_NMI (acpi_id[0x71] high edge lint[0x1])
Apr 05 07:47:10 localhost.localdomain kernel: ACPI: LAPIC_NMI (acpi_id[0x72] high edge lint[0x1])
Apr 05 07:47:10 localhost.localdomain kernel: ACPI: LAPIC_NMI (acpi_id[0x73] high edge lint[0x1])
Apr 05 07:47:10 localhost.localdomain kernel: ACPI: LAPIC_NMI (acpi_id[0x74] high edge lint[0x1])
Apr 05 07:47:10 localhost.localdomain kernel: ACPI: LAPIC_NMI (acpi_id[0x75] high edge lint[0x1])
Apr 05 07:47:10 localhost.localdomain kernel: ACPI: LAPIC_NMI (acpi_id[0x76] high edge lint[0x1])
Apr 05 07:47:10 localhost.localdomain kernel: ACPI: LAPIC_NMI (acpi_id[0x77] high edge lint[0x1])
Apr 05 07:47:10 localhost.localdomain kernel: ACPI: LAPIC_NMI (acpi_id[0x78] high edge lint[0x1])
Apr 05 07:47:10 localhost.localdomain kernel: ACPI: LAPIC_NMI (acpi_id[0x79] high edge lint[0x1])
Apr 05 07:47:10 localhost.localdomain kernel: ACPI: LAPIC_NMI (acpi_id[0x7a] high edge lint[0x1])
Apr 05 07:47:10 localhost.localdomain kernel: ACPI: LAPIC_NMI (acpi_id[0x7b] high edge lint[0x1])
Apr 05 07:47:10 localhost.localdomain kernel: ACPI: LAPIC_NMI (acpi_id[0x7c] high edge lint[0x1])
Apr 05 07:47:10 localhost.localdomain kernel: ACPI: LAPIC_NMI (acpi_id[0x7d] high edge lint[0x1])
Apr 05 07:47:10 localhost.localdomain kernel: ACPI: LAPIC_NMI (acpi_id[0x7e] high edge lint[0x1])
Apr 05 07:47:10 localhost.localdomain kernel: ACPI: LAPIC_NMI (acpi_id[0x7f] high edge lint[0x1])
Apr 05 07:47:10 localhost.localdomain kernel: IOAPIC[0]: apic_id 1, version 32, address 0xfec00000, GSI 0-23
Apr 05 07:47:10 localhost.localdomain kernel: ACPI: INT_SRC_OVR (bus 0 bus_irq 0 global_irq 2 high edge)
Apr 05 07:47:10 localhost.localdomain kernel: ACPI: IRQ0 used by override.
Apr 05 07:47:10 localhost.localdomain kernel: ACPI: IRQ9 used by override.
Apr 05 07:47:10 localhost.localdomain kernel: Using ACPI (MADT) for SMP configuration information
Apr 05 07:47:10 localhost.localdomain kernel: ACPI: HPET id: 0x8086af01 base: 0xfed00000
Apr 05 07:47:10 localhost.localdomain kernel: smpboot: Allowing 128 CPUs, 126 hotplug CPUs
Apr 05 07:47:10 localhost.localdomain kernel: PM: Registered nosave memory: [mem 0x00000000-0x00000fff]
Apr 05 07:47:10 localhost.localdomain kernel: PM: Registered nosave memory: [mem 0x0009e000-0x0009efff]
Apr 05 07:47:10 localhost.localdomain kernel: PM: Registered nosave memory: [mem 0x0009f000-0x0009ffff]
Apr 05 07:47:10 localhost.localdomain kernel: PM: Registered nosave memory: [mem 0x000a0000-0x000dbfff]
Apr 05 07:47:10 localhost.localdomain kernel: PM: Registered nosave memory: [mem 0x000dc000-0x000fffff]
Apr 05 07:47:10 localhost.localdomain kernel: PM: Registered nosave memory: [mem 0x7fee0000-0x7fefefff]
Apr 05 07:47:10 localhost.localdomain kernel: PM: Registered nosave memory: [mem 0x7feff000-0x7fefffff]
Apr 05 07:47:10 localhost.localdomain kernel: [mem 0x80000000-0xefffffff] available for PCI devices
Apr 05 07:47:10 localhost.localdomain kernel: Booting paravirtualized kernel on VMware hypervisor
Apr 05 07:47:10 localhost.localdomain kernel: clocksource: refined-jiffies: mask: 0xffffffff max_cycles: 0xffffffff, max_idle_ns: 1910969940391419 ns
Apr 05 07:47:10 localhost.localdomain kernel: random: get_random_bytes called from start_kernel+0x93/0x558 with crng_init=0
Apr 05 07:47:10 localhost.localdomain kernel: setup_percpu: NR_CPUS:1024 nr_cpumask_bits:128 nr_cpu_ids:128 nr_node_ids:1
Apr 05 07:47:10 localhost.localdomain kernel: percpu: Embedded 45 pages/cpu @(____ptrval____) s147456 r8192 d28672 u262144
Apr 05 07:47:10 localhost.localdomain kernel: pcpu-alloc: s147456 r8192 d28672 u262144 alloc=1*2097152
Apr 05 07:47:10 localhost.localdomain kernel: pcpu-alloc: [0] 000 001 002 003 004 005 006 007 
Apr 05 07:47:10 localhost.localdomain kernel: pcpu-alloc: [0] 008 009 010 011 012 013 014 015 
Apr 05 07:47:10 localhost.localdomain kernel: pcpu-alloc: [0] 016 017 018 019 020 021 022 023 
Apr 05 07:47:10 localhost.localdomain kernel: pcpu-alloc: [0] 024 025 026 027 028 029 030 031 
Apr 05 07:47:10 localhost.localdomain kernel: pcpu-alloc: [0] 032 033 034 035 036 037 038 039 
Apr 05 07:47:10 localhost.localdomain kernel: pcpu-alloc: [0] 040 041 042 043 044 045 046 047 
Apr 05 07:47:10 localhost.localdomain kernel: pcpu-alloc: [0] 048 049 050 051 052 053 054 055 
Apr 05 07:47:10 localhost.localdomain kernel: pcpu-alloc: [0] 056 057 058 059 060 061 062 063 
Apr 05 07:47:10 localhost.localdomain kernel: pcpu-alloc: [0] 064 065 066 067 068 069 070 071 
Apr 05 07:47:10 localhost.localdomain kernel: pcpu-alloc: [0] 072 073 074 075 076 077 078 079 
Apr 05 07:47:10 localhost.localdomain kernel: pcpu-alloc: [0] 080 081 082 083 084 085 086 087 
Apr 05 07:47:10 localhost.localdomain kernel: pcpu-alloc: [0] 088 089 090 091 092 093 094 095 
Apr 05 07:47:10 localhost.localdomain kernel: pcpu-alloc: [0] 096 097 098 099 100 101 102 103 
Apr 05 07:47:10 localhost.localdomain kernel: pcpu-alloc: [0] 104 105 106 107 108 109 110 111 
Apr 05 07:47:10 localhost.localdomain kernel: pcpu-alloc: [0] 112 113 114 115 116 117 118 119 
Apr 05 07:47:10 localhost.localdomain kernel: pcpu-alloc: [0] 120 121 122 123 124 125 126 127 
Apr 05 07:47:10 localhost.localdomain kernel: Built 1 zonelists, mobility grouping on.  Total pages: 515944
Apr 05 07:47:10 localhost.localdomain kernel: Policy zone: DMA32
Apr 05 07:47:10 localhost.localdomain kernel: Kernel command line: BOOT_IMAGE=/vmlinuz-4.18.16-300.fc29.x86_64 root=/dev/mapper/fedora-root ro resume=/dev/mapper/fedora-swap rd.lvm.lv=fedora/root rd.lvm.lv=fedora/swap rhgb quiet LANG=en_US.UTF-8
Apr 05 07:47:10 localhost.localdomain kernel: log_buf_len individual max cpu contribution: 4096 bytes
Apr 05 07:47:10 localhost.localdomain kernel: log_buf_len total cpu_extra contributions: 520192 bytes
Apr 05 07:47:10 localhost.localdomain kernel: log_buf_len min size: 262144 bytes
Apr 05 07:47:10 localhost.localdomain kernel: log_buf_len: 1048576 bytes
Apr 05 07:47:10 localhost.localdomain kernel: early log buf free: 236764(90%)
Apr 05 07:47:10 localhost.localdomain kernel: Memory: 1988748K/2096628K available (12300K kernel code, 1624K rwdata, 4056K rodata, 2160K init, 1336K bss, 107880K reserved, 0K cma-reserved)
Apr 05 07:47:10 localhost.localdomain kernel: SLUB: HWalign=64, Order=0-3, MinObjects=0, CPUs=128, Nodes=1
Apr 05 07:47:10 localhost.localdomain kernel: Kernel/User page tables isolation: enabled
Apr 05 07:47:10 localhost.localdomain kernel: ftrace: allocating 37988 entries in 149 pages
Apr 05 07:47:10 localhost.localdomain kernel: Hierarchical RCU implementation.
Apr 05 07:47:10 localhost.localdomain kernel:         RCU restricting CPUs from NR_CPUS=1024 to nr_cpu_ids=128.
Apr 05 07:47:10 localhost.localdomain kernel:         Tasks RCU enabled.
Apr 05 07:47:10 localhost.localdomain kernel: RCU: Adjusting geometry for rcu_fanout_leaf=16, nr_cpu_ids=128
Apr 05 07:47:10 localhost.localdomain kernel: NR_IRQS: 65792, nr_irqs: 1448, preallocated irqs: 16
Apr 05 07:47:10 localhost.localdomain kernel: Console: colour VGA+ 80x25
Apr 05 07:47:10 localhost.localdomain kernel: console [tty0] enabled
Apr 05 07:47:10 localhost.localdomain kernel: ACPI: Core revision 20180531
Apr 05 07:47:10 localhost.localdomain kernel: clocksource: hpet: mask: 0xffffffff max_cycles: 0xffffffff, max_idle_ns: 133484882848 ns
Apr 05 07:47:10 localhost.localdomain kernel: hpet clockevent registered
Apr 05 07:47:10 localhost.localdomain kernel: APIC: Switch to symmetric I/O mode setup
Apr 05 07:47:10 localhost.localdomain kernel: x2apic enabled
Apr 05 07:47:10 localhost.localdomain kernel: Switched APIC routing to physical x2apic.
Apr 05 07:47:10 localhost.localdomain kernel: ..TIMER: vector=0x30 apic1=0 pin1=2 apic2=-1 pin2=-1
Apr 05 07:47:10 localhost.localdomain kernel: tsc: Detected 1992.003 MHz processor
Apr 05 07:47:10 localhost.localdomain kernel: clocksource: tsc-early: mask: 0xffffffffffffffff max_cycles: 0x396d5809302, max_idle_ns: 881590667022 ns
Apr 05 07:47:10 localhost.localdomain kernel: Calibrating delay loop (skipped) preset value.. 3984.00 BogoMIPS (lpj=1992003)
Apr 05 07:47:10 localhost.localdomain kernel: pid_max: default: 131072 minimum: 1024
Apr 05 07:47:10 localhost.localdomain kernel: Security Framework initialized
Apr 05 07:47:10 localhost.localdomain kernel: Yama: becoming mindful.
Apr 05 07:47:10 localhost.localdomain kernel: SELinux:  Initializing.
Apr 05 07:47:10 localhost.localdomain kernel: SELinux:  Starting in permissive mode
Apr 05 07:47:10 localhost.localdomain kernel: Dentry cache hash table entries: 262144 (order: 9, 2097152 bytes)
Apr 05 07:47:10 localhost.localdomain kernel: Inode-cache hash table entries: 131072 (order: 8, 1048576 bytes)
Apr 05 07:47:10 localhost.localdomain kernel: Mount-cache hash table entries: 4096 (order: 3, 32768 bytes)
Apr 05 07:47:10 localhost.localdomain kernel: Mountpoint-cache hash table entries: 4096 (order: 3, 32768 bytes)
Apr 05 07:47:10 localhost.localdomain kernel: Disabled fast string operations
Apr 05 07:47:10 localhost.localdomain kernel: mce: CPU supports 8 MCE banks
Apr 05 07:47:10 localhost.localdomain kernel: Last level iTLB entries: 4KB 64, 2MB 8, 4MB 8
Apr 05 07:47:10 localhost.localdomain kernel: Last level dTLB entries: 4KB 64, 2MB 0, 4MB 0, 1GB 4
Apr 05 07:47:10 localhost.localdomain kernel: Spectre V2 : Mitigation: Full generic retpoline
Apr 05 07:47:10 localhost.localdomain kernel: Spectre V2 : Spectre v2 / SpectreRSB mitigation: Filling RSB on context switch
Apr 05 07:47:10 localhost.localdomain kernel: Spectre V2 : Spectre v2 mitigation: Enabling Indirect Branch Prediction Barrier
Apr 05 07:47:10 localhost.localdomain kernel: Spectre V2 : Enabling Restricted Speculation for firmware calls
Apr 05 07:47:10 localhost.localdomain kernel: Speculative Store Bypass: Mitigation: Speculative Store Bypass disabled via prctl and seccomp
Apr 05 07:47:10 localhost.localdomain kernel: Freeing SMP alternatives memory: 36K
Apr 05 07:47:10 localhost.localdomain kernel: TSC deadline timer enabled
Apr 05 07:47:10 localhost.localdomain kernel: smpboot: CPU0: Intel(R) Core(TM) i7-8550U CPU @ 1.80GHz (family: 0x6, model: 0x8e, stepping: 0xa)
Apr 05 07:47:10 localhost.localdomain kernel: Performance Events: Skylake events, core PMU driver.
Apr 05 07:47:10 localhost.localdomain kernel: core: CPUID marked event: 'cpu cycles' unavailable
Apr 05 07:47:10 localhost.localdomain kernel: core: CPUID marked event: 'instructions' unavailable
Apr 05 07:47:10 localhost.localdomain kernel: core: CPUID marked event: 'bus cycles' unavailable
Apr 05 07:47:10 localhost.localdomain kernel: core: CPUID marked event: 'cache references' unavailable
Apr 05 07:47:10 localhost.localdomain kernel: core: CPUID marked event: 'cache misses' unavailable
Apr 05 07:47:10 localhost.localdomain kernel: core: CPUID marked event: 'branch instructions' unavailable
Apr 05 07:47:10 localhost.localdomain kernel: core: CPUID marked event: 'branch misses' unavailable
Apr 05 07:47:10 localhost.localdomain kernel: ... version:                1
Apr 05 07:47:10 localhost.localdomain kernel: ... bit width:              48
Apr 05 07:47:10 localhost.localdomain kernel: ... generic registers:      4
Apr 05 07:47:10 localhost.localdomain kernel: ... value mask:             0000ffffffffffff
Apr 05 07:47:10 localhost.localdomain kernel: ... max period:             000000007fffffff
Apr 05 07:47:10 localhost.localdomain kernel: ... fixed-purpose events:   0
Apr 05 07:47:10 localhost.localdomain kernel: ... event mask:             000000000000000f
Apr 05 07:47:10 localhost.localdomain kernel: Hierarchical SRCU implementation.
Apr 05 07:47:10 localhost.localdomain kernel: random: crng done (trusting CPU's manufacturer)
Apr 05 07:47:10 localhost.localdomain kernel: NMI watchdog: Perf event create on CPU 0 failed with -2
Apr 05 07:47:10 localhost.localdomain kernel: NMI watchdog: Perf NMI watchdog permanently disabled
Apr 05 07:47:10 localhost.localdomain kernel: smp: Bringing up secondary CPUs ...
Apr 05 07:47:10 localhost.localdomain kernel: x86: Booting SMP configuration:
Apr 05 07:47:10 localhost.localdomain kernel: .... node  #0, CPUs:          #1
Apr 05 07:47:10 localhost.localdomain kernel: Disabled fast string operations
Apr 05 07:47:10 localhost.localdomain kernel: smpboot: CPU 1 Converting physical 2 to logical package 1
Apr 05 07:47:10 localhost.localdomain kernel: smp: Brought up 1 node, 2 CPUs
Apr 05 07:47:10 localhost.localdomain kernel: smpboot: Max logical packages: 128
Apr 05 07:47:10 localhost.localdomain kernel: smpboot: Total of 2 processors activated (7968.01 BogoMIPS)
Apr 05 07:47:10 localhost.localdomain kernel: devtmpfs: initialized
Apr 05 07:47:10 localhost.localdomain kernel: x86/mm: Memory block size: 128MB
Apr 05 07:47:10 localhost.localdomain kernel: PM: Registering ACPI NVS region [mem 0x7feff000-0x7fefffff] (4096 bytes)
Apr 05 07:47:10 localhost.localdomain kernel: clocksource: jiffies: mask: 0xffffffff max_cycles: 0xffffffff, max_idle_ns: 1911260446275000 ns
Apr 05 07:47:10 localhost.localdomain kernel: futex hash table entries: 32768 (order: 9, 2097152 bytes)
Apr 05 07:47:10 localhost.localdomain kernel: pinctrl core: initialized pinctrl subsystem
Apr 05 07:47:10 localhost.localdomain kernel: RTC time: 14:47:09, date: 04/05/19
Apr 05 07:47:10 localhost.localdomain kernel: NET: Registered protocol family 16
Apr 05 07:47:10 localhost.localdomain kernel: audit: initializing netlink subsys (disabled)
Apr 05 07:47:10 localhost.localdomain kernel: audit: type=2000 audit(1554475629.043:1): state=initialized audit_enabled=0 res=1
Apr 05 07:47:10 localhost.localdomain kernel: cpuidle: using governor menu
Apr 05 07:47:10 localhost.localdomain kernel: Simple Boot Flag at 0x36 set to 0x80
Apr 05 07:47:10 localhost.localdomain kernel: ACPI: bus type PCI registered
Apr 05 07:47:10 localhost.localdomain kernel: acpiphp: ACPI Hot Plug PCI Controller Driver version: 0.5
Apr 05 07:47:10 localhost.localdomain kernel: PCI: MMCONFIG for domain 0000 [bus 00-7f] at [mem 0xf0000000-0xf7ffffff] (base 0xf0000000)
Apr 05 07:47:10 localhost.localdomain kernel: PCI: MMCONFIG at [mem 0xf0000000-0xf7ffffff] reserved in E820
Apr 05 07:47:10 localhost.localdomain kernel: pmd_set_huge: Cannot satisfy [mem 0xf0000000-0xf0200000] with a huge-page mapping due to MTRR override.
Apr 05 07:47:10 localhost.localdomain kernel: PCI: Using configuration type 1 for base access
Apr 05 07:47:10 localhost.localdomain kernel: HugeTLB registered 1.00 GiB page size, pre-allocated 0 pages
Apr 05 07:47:10 localhost.localdomain kernel: HugeTLB registered 2.00 MiB page size, pre-allocated 0 pages
Apr 05 07:47:10 localhost.localdomain kernel: cryptd: max_cpu_qlen set to 1000
Apr 05 07:47:10 localhost.localdomain kernel: ACPI: Added _OSI(Module Device)
Apr 05 07:47:10 localhost.localdomain kernel: ACPI: Added _OSI(Processor Device)
Apr 05 07:47:10 localhost.localdomain kernel: ACPI: Added _OSI(3.0 _SCP Extensions)
Apr 05 07:47:10 localhost.localdomain kernel: ACPI: Added _OSI(Processor Aggregator Device)
Apr 05 07:47:10 localhost.localdomain kernel: ACPI: Added _OSI(Linux-Dell-Video)
Apr 05 07:47:10 localhost.localdomain kernel: ACPI: 1 ACPI AML tables successfully acquired and loaded
Apr 05 07:47:10 localhost.localdomain kernel: ACPI: [Firmware Bug]: BIOS _OSI(Linux) query ignored
Apr 05 07:47:10 localhost.localdomain kernel: ACPI: Interpreter enabled
Apr 05 07:47:10 localhost.localdomain kernel: ACPI: (supports S0 S1 S4 S5)
Apr 05 07:47:10 localhost.localdomain kernel: ACPI: Using IOAPIC for interrupt routing
Apr 05 07:47:10 localhost.localdomain kernel: PCI: Using host bridge windows from ACPI; if necessary, use "pci=nocrs" and report a bug
Apr 05 07:47:10 localhost.localdomain kernel: ACPI: Enabled 4 GPEs in block 00 to 0F
Apr 05 07:47:10 localhost.localdomain kernel: ACPI: PCI Root Bridge [PCI0] (domain 0000 [bus 00-7f])
Apr 05 07:47:10 localhost.localdomain kernel: acpi PNP0A03:00: _OSC: OS supports [ExtendedConfig ASPM ClockPM Segments MSI]
Apr 05 07:47:10 localhost.localdomain kernel: acpi PNP0A03:00: _OSC: platform does not support [AER LTR]
Apr 05 07:47:10 localhost.localdomain kernel: acpi PNP0A03:00: _OSC: OS now controls [PCIeHotplug SHPCHotplug PME PCIeCapability]
Apr 05 07:47:10 localhost.localdomain kernel: PCI host bridge to bus 0000:00
Apr 05 07:47:10 localhost.localdomain kernel: pci_bus 0000:00: root bus resource [mem 0x000a0000-0x000bffff window]
Apr 05 07:47:10 localhost.localdomain kernel: pci_bus 0000:00: root bus resource [mem 0x000cc000-0x000cffff window]
Apr 05 07:47:10 localhost.localdomain kernel: pci_bus 0000:00: root bus resource [mem 0x000d0000-0x000d3fff window]
Apr 05 07:47:10 localhost.localdomain kernel: pci_bus 0000:00: root bus resource [mem 0x000d4000-0x000d7fff window]
Apr 05 07:47:10 localhost.localdomain kernel: pci_bus 0000:00: root bus resource [mem 0x000d8000-0x000dbfff window]
Apr 05 07:47:10 localhost.localdomain kernel: pci_bus 0000:00: root bus resource [mem 0xc0000000-0xfebfffff window]
Apr 05 07:47:10 localhost.localdomain kernel: pci_bus 0000:00: root bus resource [io  0x0000-0x0cf7 window]
Apr 05 07:47:10 localhost.localdomain kernel: pci_bus 0000:00: root bus resource [io  0x0d00-0xfeff window]
Apr 05 07:47:10 localhost.localdomain kernel: pci_bus 0000:00: root bus resource [bus 00-7f]
Apr 05 07:47:10 localhost.localdomain kernel: pci 0000:00:00.0: [8086:7190] type 00 class 0x060000
Apr 05 07:47:10 localhost.localdomain kernel: pci 0000:00:01.0: [8086:7191] type 01 class 0x060400
Apr 05 07:47:10 localhost.localdomain kernel: pci 0000:00:07.0: [8086:7110] type 00 class 0x060100
Apr 05 07:47:10 localhost.localdomain kernel: pci 0000:00:07.1: [8086:7111] type 00 class 0x01018a
Apr 05 07:47:10 localhost.localdomain kernel: pci 0000:00:07.1: reg 0x20: [io  0x1060-0x106f]
Apr 05 07:47:10 localhost.localdomain kernel: pci 0000:00:07.1: legacy IDE quirk: reg 0x10: [io  0x01f0-0x01f7]
Apr 05 07:47:10 localhost.localdomain kernel: pci 0000:00:07.1: legacy IDE quirk: reg 0x14: [io  0x03f6]
Apr 05 07:47:10 localhost.localdomain kernel: pci 0000:00:07.1: legacy IDE quirk: reg 0x18: [io  0x0170-0x0177]
Apr 05 07:47:10 localhost.localdomain kernel: pci 0000:00:07.1: legacy IDE quirk: reg 0x1c: [io  0x0376]
Apr 05 07:47:10 localhost.localdomain kernel: pci 0000:00:07.3: [8086:7113] type 00 class 0x068000
Apr 05 07:47:10 localhost.localdomain kernel: pci 0000:00:07.3: quirk: [io  0x1000-0x103f] claimed by PIIX4 ACPI
Apr 05 07:47:10 localhost.localdomain kernel: pci 0000:00:07.3: quirk: [io  0x1040-0x104f] claimed by PIIX4 SMB
Apr 05 07:47:10 localhost.localdomain kernel: pci 0000:00:07.7: [15ad:0740] type 00 class 0x088000
Apr 05 07:47:10 localhost.localdomain kernel: pci 0000:00:07.7: reg 0x10: [io  0x1080-0x10bf]
Apr 05 07:47:10 localhost.localdomain kernel: pci 0000:00:07.7: reg 0x14: [mem 0xfebfe000-0xfebfffff 64bit]
Apr 05 07:47:10 localhost.localdomain kernel: pci 0000:00:0f.0: [15ad:0405] type 00 class 0x030000
Apr 05 07:47:10 localhost.localdomain kernel: pci 0000:00:0f.0: reg 0x10: [io  0x1070-0x107f]
Apr 05 07:47:10 localhost.localdomain kernel: pci 0000:00:0f.0: reg 0x14: [mem 0xe8000000-0xefffffff pref]
Apr 05 07:47:10 localhost.localdomain kernel: pci 0000:00:0f.0: reg 0x18: [mem 0xfe000000-0xfe7fffff]
Apr 05 07:47:10 localhost.localdomain kernel: pci 0000:00:0f.0: reg 0x30: [mem 0x00000000-0x00007fff pref]
Apr 05 07:47:10 localhost.localdomain kernel: pci 0000:00:10.0: [1000:0030] type 00 class 0x010000
Apr 05 07:47:10 localhost.localdomain kernel: pci 0000:00:10.0: reg 0x10: [io  0x1400-0x14ff]
Apr 05 07:47:10 localhost.localdomain kernel: pci 0000:00:10.0: reg 0x14: [mem 0xfeba0000-0xfebbffff 64bit]
Apr 05 07:47:10 localhost.localdomain kernel: pci 0000:00:10.0: reg 0x1c: [mem 0xfebc0000-0xfebdffff 64bit]
Apr 05 07:47:10 localhost.localdomain kernel: pci 0000:00:10.0: reg 0x30: [mem 0x00000000-0x00003fff pref]
Apr 05 07:47:10 localhost.localdomain kernel: pci 0000:00:11.0: [15ad:0790] type 01 class 0x060401
Apr 05 07:47:10 localhost.localdomain kernel: pci 0000:00:15.0: [15ad:07a0] type 01 class 0x060400
Apr 05 07:47:10 localhost.localdomain kernel: pci 0000:00:15.0: PME# supported from D0 D3hot D3cold
Apr 05 07:47:10 localhost.localdomain kernel: pci 0000:00:15.1: [15ad:07a0] type 01 class 0x060400
Apr 05 07:47:10 localhost.localdomain kernel: pci 0000:00:15.1: PME# supported from D0 D3hot D3cold
Apr 05 07:47:10 localhost.localdomain kernel: pci 0000:00:15.2: [15ad:07a0] type 01 class 0x060400
Apr 05 07:47:10 localhost.localdomain kernel: pci 0000:00:15.2: PME# supported from D0 D3hot D3cold
Apr 05 07:47:10 localhost.localdomain kernel: pci 0000:00:15.3: [15ad:07a0] type 01 class 0x060400
Apr 05 07:47:10 localhost.localdomain kernel: pci 0000:00:15.3: PME# supported from D0 D3hot D3cold
Apr 05 07:47:10 localhost.localdomain kernel: pci 0000:00:15.4: [15ad:07a0] type 01 class 0x060400
Apr 05 07:47:10 localhost.localdomain kernel: pci 0000:00:15.4: PME# supported from D0 D3hot D3cold
Apr 05 07:47:10 localhost.localdomain kernel: pci 0000:00:15.5: [15ad:07a0] type 01 class 0x060400
Apr 05 07:47:10 localhost.localdomain kernel: pci 0000:00:15.5: PME# supported from D0 D3hot D3cold
Apr 05 07:47:10 localhost.localdomain kernel: pci 0000:00:15.6: [15ad:07a0] type 01 class 0x060400
Apr 05 07:47:10 localhost.localdomain kernel: pci 0000:00:15.6: PME# supported from D0 D3hot D3cold
Apr 05 07:47:10 localhost.localdomain kernel: pci 0000:00:15.7: [15ad:07a0] type 01 class 0x060400
Apr 05 07:47:10 localhost.localdomain kernel: pci 0000:00:15.7: PME# supported from D0 D3hot D3cold
Apr 05 07:47:10 localhost.localdomain kernel: pci 0000:00:16.0: [15ad:07a0] type 01 class 0x060400
Apr 05 07:47:10 localhost.localdomain kernel: pci 0000:00:16.0: PME# supported from D0 D3hot D3cold
Apr 05 07:47:10 localhost.localdomain kernel: pci 0000:00:16.1: [15ad:07a0] type 01 class 0x060400
Apr 05 07:47:10 localhost.localdomain kernel: pci 0000:00:16.1: PME# supported from D0 D3hot D3cold
Apr 05 07:47:10 localhost.localdomain kernel: pci 0000:00:16.2: [15ad:07a0] type 01 class 0x060400
Apr 05 07:47:10 localhost.localdomain kernel: pci 0000:00:16.2: PME# supported from D0 D3hot D3cold
Apr 05 07:47:10 localhost.localdomain kernel: pci 0000:00:16.3: [15ad:07a0] type 01 class 0x060400
Apr 05 07:47:10 localhost.localdomain kernel: pci 0000:00:16.3: PME# supported from D0 D3hot D3cold
Apr 05 07:47:10 localhost.localdomain kernel: pci 0000:00:16.4: [15ad:07a0] type 01 class 0x060400
Apr 05 07:47:10 localhost.localdomain kernel: pci 0000:00:16.4: PME# supported from D0 D3hot D3cold
Apr 05 07:47:10 localhost.localdomain kernel: pci 0000:00:16.5: [15ad:07a0] type 01 class 0x060400
Apr 05 07:47:10 localhost.localdomain kernel: pci 0000:00:16.5: PME# supported from D0 D3hot D3cold
Apr 05 07:47:10 localhost.localdomain kernel: pci 0000:00:16.6: [15ad:07a0] type 01 class 0x060400
Apr 05 07:47:10 localhost.localdomain kernel: pci 0000:00:16.6: PME# supported from D0 D3hot D3cold
Apr 05 07:47:10 localhost.localdomain kernel: pci 0000:00:16.7: [15ad:07a0] type 01 class 0x060400
Apr 05 07:47:10 localhost.localdomain kernel: pci 0000:00:16.7: PME# supported from D0 D3hot D3cold
Apr 05 07:47:10 localhost.localdomain kernel: pci 0000:00:17.0: [15ad:07a0] type 01 class 0x060400
Apr 05 07:47:10 localhost.localdomain kernel: pci 0000:00:17.0: PME# supported from D0 D3hot D3cold
Apr 05 07:47:10 localhost.localdomain kernel: pci 0000:00:17.1: [15ad:07a0] type 01 class 0x060400
Apr 05 07:47:10 localhost.localdomain kernel: pci 0000:00:17.1: PME# supported from D0 D3hot D3cold
Apr 05 07:47:10 localhost.localdomain kernel: pci 0000:00:17.2: [15ad:07a0] type 01 class 0x060400
Apr 05 07:47:10 localhost.localdomain kernel: pci 0000:00:17.2: PME# supported from D0 D3hot D3cold
Apr 05 07:47:10 localhost.localdomain kernel: pci 0000:00:17.3: [15ad:07a0] type 01 class 0x060400
Apr 05 07:47:10 localhost.localdomain kernel: pci 0000:00:17.3: PME# supported from D0 D3hot D3cold
Apr 05 07:47:10 localhost.localdomain kernel: pci 0000:00:17.4: [15ad:07a0] type 01 class 0x060400
Apr 05 07:47:10 localhost.localdomain kernel: pci 0000:00:17.4: PME# supported from D0 D3hot D3cold
Apr 05 07:47:10 localhost.localdomain kernel: pci 0000:00:17.5: [15ad:07a0] type 01 class 0x060400
Apr 05 07:47:10 localhost.localdomain kernel: pci 0000:00:17.5: PME# supported from D0 D3hot D3cold
Apr 05 07:47:10 localhost.localdomain kernel: pci 0000:00:17.6: [15ad:07a0] type 01 class 0x060400
Apr 05 07:47:10 localhost.localdomain kernel: pci 0000:00:17.6: PME# supported from D0 D3hot D3cold
Apr 05 07:47:10 localhost.localdomain kernel: pci 0000:00:17.7: [15ad:07a0] type 01 class 0x060400
Apr 05 07:47:10 localhost.localdomain kernel: pci 0000:00:17.7: PME# supported from D0 D3hot D3cold
Apr 05 07:47:10 localhost.localdomain kernel: pci 0000:00:18.0: [15ad:07a0] type 01 class 0x060400
Apr 05 07:47:10 localhost.localdomain kernel: pci 0000:00:18.0: PME# supported from D0 D3hot D3cold
Apr 05 07:47:10 localhost.localdomain kernel: pci 0000:00:18.1: [15ad:07a0] type 01 class 0x060400
Apr 05 07:47:10 localhost.localdomain kernel: pci 0000:00:18.1: PME# supported from D0 D3hot D3cold
Apr 05 07:47:10 localhost.localdomain kernel: pci 0000:00:18.2: [15ad:07a0] type 01 class 0x060400
Apr 05 07:47:10 localhost.localdomain kernel: pci 0000:00:18.2: PME# supported from D0 D3hot D3cold
Apr 05 07:47:10 localhost.localdomain kernel: pci 0000:00:18.3: [15ad:07a0] type 01 class 0x060400
Apr 05 07:47:10 localhost.localdomain kernel: pci 0000:00:18.3: PME# supported from D0 D3hot D3cold
Apr 05 07:47:10 localhost.localdomain kernel: pci 0000:00:18.4: [15ad:07a0] type 01 class 0x060400
Apr 05 07:47:10 localhost.localdomain kernel: pci 0000:00:18.4: PME# supported from D0 D3hot D3cold
Apr 05 07:47:10 localhost.localdomain kernel: pci 0000:00:18.5: [15ad:07a0] type 01 class 0x060400
Apr 05 07:47:10 localhost.localdomain kernel: pci 0000:00:18.5: PME# supported from D0 D3hot D3cold
Apr 05 07:47:10 localhost.localdomain kernel: pci 0000:00:18.6: [15ad:07a0] type 01 class 0x060400
Apr 05 07:47:10 localhost.localdomain kernel: pci 0000:00:18.6: PME# supported from D0 D3hot D3cold
Apr 05 07:47:10 localhost.localdomain kernel: pci 0000:00:18.7: [15ad:07a0] type 01 class 0x060400
Apr 05 07:47:10 localhost.localdomain kernel: pci 0000:00:18.7: PME# supported from D0 D3hot D3cold
Apr 05 07:47:10 localhost.localdomain kernel: pci_bus 0000:01: extended config space not accessible
Apr 05 07:47:10 localhost.localdomain kernel: pci 0000:00:01.0: PCI bridge to [bus 01]
Apr 05 07:47:10 localhost.localdomain kernel: pci_bus 0000:02: extended config space not accessible
Apr 05 07:47:10 localhost.localdomain kernel: acpiphp: Slot [32] registered
Apr 05 07:47:10 localhost.localdomain kernel: acpiphp: Slot [33] registered
Apr 05 07:47:10 localhost.localdomain kernel: acpiphp: Slot [34] registered
Apr 05 07:47:10 localhost.localdomain kernel: acpiphp: Slot [35] registered
Apr 05 07:47:10 localhost.localdomain kernel: acpiphp: Slot [36] registered
Apr 05 07:47:10 localhost.localdomain kernel: acpiphp: Slot [37] registered
Apr 05 07:47:10 localhost.localdomain kernel: acpiphp: Slot [38] registered
Apr 05 07:47:10 localhost.localdomain kernel: acpiphp: Slot [39] registered
Apr 05 07:47:10 localhost.localdomain kernel: acpiphp: Slot [40] registered
Apr 05 07:47:10 localhost.localdomain kernel: acpiphp: Slot [41] registered
Apr 05 07:47:10 localhost.localdomain kernel: acpiphp: Slot [42] registered
Apr 05 07:47:10 localhost.localdomain kernel: acpiphp: Slot [43] registered
Apr 05 07:47:10 localhost.localdomain kernel: acpiphp: Slot [44] registered
Apr 05 07:47:10 localhost.localdomain kernel: acpiphp: Slot [45] registered
Apr 05 07:47:10 localhost.localdomain kernel: acpiphp: Slot [46] registered
Apr 05 07:47:10 localhost.localdomain kernel: acpiphp: Slot [47] registered
Apr 05 07:47:10 localhost.localdomain kernel: acpiphp: Slot [48] registered
Apr 05 07:47:10 localhost.localdomain kernel: acpiphp: Slot [49] registered
Apr 05 07:47:10 localhost.localdomain kernel: acpiphp: Slot [50] registered
Apr 05 07:47:10 localhost.localdomain kernel: acpiphp: Slot [51] registered
Apr 05 07:47:10 localhost.localdomain kernel: acpiphp: Slot [52] registered
Apr 05 07:47:10 localhost.localdomain kernel: acpiphp: Slot [53] registered
Apr 05 07:47:10 localhost.localdomain kernel: acpiphp: Slot [54] registered
Apr 05 07:47:10 localhost.localdomain kernel: acpiphp: Slot [55] registered
Apr 05 07:47:10 localhost.localdomain kernel: acpiphp: Slot [56] registered
Apr 05 07:47:10 localhost.localdomain kernel: acpiphp: Slot [57] registered
Apr 05 07:47:10 localhost.localdomain kernel: acpiphp: Slot [58] registered
Apr 05 07:47:10 localhost.localdomain kernel: acpiphp: Slot [59] registered
Apr 05 07:47:10 localhost.localdomain kernel: acpiphp: Slot [60] registered
Apr 05 07:47:10 localhost.localdomain kernel: acpiphp: Slot [61] registered
Apr 05 07:47:10 localhost.localdomain kernel: acpiphp: Slot [62] registered
Apr 05 07:47:10 localhost.localdomain kernel: acpiphp: Slot [63] registered
Apr 05 07:47:10 localhost.localdomain kernel: pci 0000:02:00.0: [15ad:0774] type 00 class 0x0c0300
Apr 05 07:47:10 localhost.localdomain kernel: pci 0000:02:00.0: reg 0x20: [io  0x2080-0x209f]
Apr 05 07:47:10 localhost.localdomain kernel: pci 0000:02:01.0: [8086:100f] type 00 class 0x020000
Apr 05 07:47:10 localhost.localdomain kernel: pci 0000:02:01.0: reg 0x10: [mem 0xfd5c0000-0xfd5dffff 64bit]
Apr 05 07:47:10 localhost.localdomain kernel: pci 0000:02:01.0: reg 0x18: [mem 0xfdff0000-0xfdffffff 64bit]
Apr 05 07:47:10 localhost.localdomain kernel: pci 0000:02:01.0: reg 0x20: [io  0x2000-0x203f]
Apr 05 07:47:10 localhost.localdomain kernel: pci 0000:02:01.0: reg 0x30: [mem 0x00000000-0x0000ffff pref]
Apr 05 07:47:10 localhost.localdomain kernel: pci 0000:02:01.0: PME# supported from D0 D3hot D3cold
Apr 05 07:47:10 localhost.localdomain kernel: pci 0000:02:02.0: [1274:1371] type 00 class 0x040100
Apr 05 07:47:10 localhost.localdomain kernel: pci 0000:02:02.0: reg 0x10: [io  0x2040-0x207f]
Apr 05 07:47:10 localhost.localdomain kernel: pci 0000:02:03.0: [15ad:0770] type 00 class 0x0c0320
Apr 05 07:47:10 localhost.localdomain kernel: pci 0000:02:03.0: reg 0x10: [mem 0xfd5ef000-0xfd5effff]
Apr 05 07:47:10 localhost.localdomain kernel: pci 0000:00:11.0: PCI bridge to [bus 02] (subtractive decode)
Apr 05 07:47:10 localhost.localdomain kernel: pci 0000:00:11.0:   bridge window [io  0x2000-0x3fff]
Apr 05 07:47:10 localhost.localdomain kernel: pci 0000:00:11.0:   bridge window [mem 0xfd500000-0xfdffffff]
Apr 05 07:47:10 localhost.localdomain kernel: pci 0000:00:11.0:   bridge window [mem 0xe7b00000-0xe7ffffff 64bit pref]
Apr 05 07:47:10 localhost.localdomain kernel: pci 0000:00:11.0:   bridge window [mem 0x000a0000-0x000bffff window] (subtractive decode)
Apr 05 07:47:10 localhost.localdomain kernel: pci 0000:00:11.0:   bridge window [mem 0x000cc000-0x000cffff window] (subtractive decode)
Apr 05 07:47:10 localhost.localdomain kernel: pci 0000:00:11.0:   bridge window [mem 0x000d0000-0x000d3fff window] (subtractive decode)
Apr 05 07:47:10 localhost.localdomain kernel: pci 0000:00:11.0:   bridge window [mem 0x000d4000-0x000d7fff window] (subtractive decode)
Apr 05 07:47:10 localhost.localdomain kernel: pci 0000:00:11.0:   bridge window [mem 0x000d8000-0x000dbfff window] (subtractive decode)
Apr 05 07:47:10 localhost.localdomain kernel: pci 0000:00:11.0:   bridge window [mem 0xc0000000-0xfebfffff window] (subtractive decode)
Apr 05 07:47:10 localhost.localdomain kernel: pci 0000:00:11.0:   bridge window [io  0x0000-0x0cf7 window] (subtractive decode)
Apr 05 07:47:10 localhost.localdomain kernel: pci 0000:00:11.0:   bridge window [io  0x0d00-0xfeff window] (subtractive decode)
Apr 05 07:47:10 localhost.localdomain kernel: pci 0000:00:15.0: PCI bridge to [bus 03]
Apr 05 07:47:10 localhost.localdomain kernel: pci 0000:00:15.0:   bridge window [io  0x4000-0x4fff]
Apr 05 07:47:10 localhost.localdomain kernel: pci 0000:00:15.0:   bridge window [mem 0xfd400000-0xfd4fffff]
Apr 05 07:47:10 localhost.localdomain kernel: pci 0000:00:15.0:   bridge window [mem 0xe7a00000-0xe7afffff 64bit pref]
Apr 05 07:47:10 localhost.localdomain kernel: pci 0000:00:15.1: PCI bridge to [bus 04]
Apr 05 07:47:10 localhost.localdomain kernel: pci 0000:00:15.1:   bridge window [io  0x8000-0x8fff]
Apr 05 07:47:10 localhost.localdomain kernel: pci 0000:00:15.1:   bridge window [mem 0xfd000000-0xfd0fffff]
Apr 05 07:47:10 localhost.localdomain kernel: pci 0000:00:15.1:   bridge window [mem 0xe7600000-0xe76fffff 64bit pref]
Apr 05 07:47:10 localhost.localdomain kernel: pci 0000:00:15.2: PCI bridge to [bus 05]
Apr 05 07:47:10 localhost.localdomain kernel: pci 0000:00:15.2:   bridge window [io  0xc000-0xcfff]
Apr 05 07:47:10 localhost.localdomain kernel: pci 0000:00:15.2:   bridge window [mem 0xfcc00000-0xfccfffff]
Apr 05 07:47:10 localhost.localdomain kernel: pci 0000:00:15.2:   bridge window [mem 0xe7200000-0xe72fffff 64bit pref]
Apr 05 07:47:10 localhost.localdomain kernel: pci 0000:00:15.3: PCI bridge to [bus 06]
Apr 05 07:47:10 localhost.localdomain kernel: pci 0000:00:15.3:   bridge window [mem 0xfc800000-0xfc8fffff]
Apr 05 07:47:10 localhost.localdomain kernel: pci 0000:00:15.3:   bridge window [mem 0xe6e00000-0xe6efffff 64bit pref]
Apr 05 07:47:10 localhost.localdomain kernel: pci 0000:00:15.4: PCI bridge to [bus 07]
Apr 05 07:47:10 localhost.localdomain kernel: pci 0000:00:15.4:   bridge window [mem 0xfc400000-0xfc4fffff]
Apr 05 07:47:10 localhost.localdomain kernel: pci 0000:00:15.4:   bridge window [mem 0xe6a00000-0xe6afffff 64bit pref]
Apr 05 07:47:10 localhost.localdomain kernel: pci 0000:00:15.5: PCI bridge to [bus 08]
Apr 05 07:47:10 localhost.localdomain kernel: pci 0000:00:15.5:   bridge window [mem 0xfc000000-0xfc0fffff]
Apr 05 07:47:10 localhost.localdomain kernel: pci 0000:00:15.5:   bridge window [mem 0xe6600000-0xe66fffff 64bit pref]
Apr 05 07:47:10 localhost.localdomain kernel: pci 0000:00:15.6: PCI bridge to [bus 09]
Apr 05 07:47:10 localhost.localdomain kernel: pci 0000:00:15.6:   bridge window [mem 0xfbc00000-0xfbcfffff]
Apr 05 07:47:10 localhost.localdomain kernel: pci 0000:00:15.6:   bridge window [mem 0xe6200000-0xe62fffff 64bit pref]
Apr 05 07:47:10 localhost.localdomain kernel: pci 0000:00:15.7: PCI bridge to [bus 0a]
Apr 05 07:47:10 localhost.localdomain kernel: pci 0000:00:15.7:   bridge window [mem 0xfb800000-0xfb8fffff]
Apr 05 07:47:10 localhost.localdomain kernel: pci 0000:00:15.7:   bridge window [mem 0xe5e00000-0xe5efffff 64bit pref]
Apr 05 07:47:10 localhost.localdomain kernel: pci 0000:00:16.0: PCI bridge to [bus 0b]
Apr 05 07:47:10 localhost.localdomain kernel: pci 0000:00:16.0:   bridge window [io  0x5000-0x5fff]
Apr 05 07:47:10 localhost.localdomain kernel: pci 0000:00:16.0:   bridge window [mem 0xfd300000-0xfd3fffff]
Apr 05 07:47:10 localhost.localdomain kernel: pci 0000:00:16.0:   bridge window [mem 0xe7900000-0xe79fffff 64bit pref]
Apr 05 07:47:10 localhost.localdomain kernel: pci 0000:00:16.1: PCI bridge to [bus 0c]
Apr 05 07:47:10 localhost.localdomain kernel: pci 0000:00:16.1:   bridge window [io  0x9000-0x9fff]
Apr 05 07:47:10 localhost.localdomain kernel: pci 0000:00:16.1:   bridge window [mem 0xfcf00000-0xfcffffff]
Apr 05 07:47:10 localhost.localdomain kernel: pci 0000:00:16.1:   bridge window [mem 0xe7500000-0xe75fffff 64bit pref]
Apr 05 07:47:10 localhost.localdomain kernel: pci 0000:00:16.2: PCI bridge to [bus 0d]
Apr 05 07:47:10 localhost.localdomain kernel: pci 0000:00:16.2:   bridge window [io  0xd000-0xdfff]
Apr 05 07:47:10 localhost.localdomain kernel: pci 0000:00:16.2:   bridge window [mem 0xfcb00000-0xfcbfffff]
Apr 05 07:47:10 localhost.localdomain kernel: pci 0000:00:16.2:   bridge window [mem 0xe7100000-0xe71fffff 64bit pref]
Apr 05 07:47:10 localhost.localdomain kernel: pci 0000:00:16.3: PCI bridge to [bus 0e]
Apr 05 07:47:10 localhost.localdomain kernel: pci 0000:00:16.3:   bridge window [mem 0xfc700000-0xfc7fffff]
Apr 05 07:47:10 localhost.localdomain kernel: pci 0000:00:16.3:   bridge window [mem 0xe6d00000-0xe6dfffff 64bit pref]
Apr 05 07:47:10 localhost.localdomain kernel: pci 0000:00:16.4: PCI bridge to [bus 0f]
Apr 05 07:47:10 localhost.localdomain kernel: pci 0000:00:16.4:   bridge window [mem 0xfc300000-0xfc3fffff]
Apr 05 07:47:10 localhost.localdomain kernel: pci 0000:00:16.4:   bridge window [mem 0xe6900000-0xe69fffff 64bit pref]
Apr 05 07:47:10 localhost.localdomain kernel: pci 0000:00:16.5: PCI bridge to [bus 10]
Apr 05 07:47:10 localhost.localdomain kernel: pci 0000:00:16.5:   bridge window [mem 0xfbf00000-0xfbffffff]
Apr 05 07:47:10 localhost.localdomain kernel: pci 0000:00:16.5:   bridge window [mem 0xe6500000-0xe65fffff 64bit pref]
Apr 05 07:47:10 localhost.localdomain kernel: pci 0000:00:16.6: PCI bridge to [bus 11]
Apr 05 07:47:10 localhost.localdomain kernel: pci 0000:00:16.6:   bridge window [mem 0xfbb00000-0xfbbfffff]
Apr 05 07:47:10 localhost.localdomain kernel: pci 0000:00:16.6:   bridge window [mem 0xe6100000-0xe61fffff 64bit pref]
Apr 05 07:47:10 localhost.localdomain kernel: pci 0000:00:16.7: PCI bridge to [bus 12]
Apr 05 07:47:10 localhost.localdomain kernel: pci 0000:00:16.7:   bridge window [mem 0xfb700000-0xfb7fffff]
Apr 05 07:47:10 localhost.localdomain kernel: pci 0000:00:16.7:   bridge window [mem 0xe5d00000-0xe5dfffff 64bit pref]
Apr 05 07:47:10 localhost.localdomain kernel: pci 0000:00:17.0: PCI bridge to [bus 13]
Apr 05 07:47:10 localhost.localdomain kernel: pci 0000:00:17.0:   bridge window [io  0x6000-0x6fff]
Apr 05 07:47:10 localhost.localdomain kernel: pci 0000:00:17.0:   bridge window [mem 0xfd200000-0xfd2fffff]
Apr 05 07:47:10 localhost.localdomain kernel: pci 0000:00:17.0:   bridge window [mem 0xe7800000-0xe78fffff 64bit pref]
Apr 05 07:47:10 localhost.localdomain kernel: pci 0000:00:17.1: PCI bridge to [bus 14]
Apr 05 07:47:10 localhost.localdomain kernel: pci 0000:00:17.1:   bridge window [io  0xa000-0xafff]
Apr 05 07:47:10 localhost.localdomain kernel: pci 0000:00:17.1:   bridge window [mem 0xfce00000-0xfcefffff]
Apr 05 07:47:10 localhost.localdomain kernel: pci 0000:00:17.1:   bridge window [mem 0xe7400000-0xe74fffff 64bit pref]
Apr 05 07:47:10 localhost.localdomain kernel: pci 0000:00:17.2: PCI bridge to [bus 15]
Apr 05 07:47:10 localhost.localdomain kernel: pci 0000:00:17.2:   bridge window [io  0xe000-0xefff]
Apr 05 07:47:10 localhost.localdomain kernel: pci 0000:00:17.2:   bridge window [mem 0xfca00000-0xfcafffff]
Apr 05 07:47:10 localhost.localdomain kernel: pci 0000:00:17.2:   bridge window [mem 0xe7000000-0xe70fffff 64bit pref]
Apr 05 07:47:10 localhost.localdomain kernel: pci 0000:00:17.3: PCI bridge to [bus 16]
Apr 05 07:47:10 localhost.localdomain kernel: pci 0000:00:17.3:   bridge window [mem 0xfc600000-0xfc6fffff]
Apr 05 07:47:10 localhost.localdomain kernel: pci 0000:00:17.3:   bridge window [mem 0xe6c00000-0xe6cfffff 64bit pref]
Apr 05 07:47:10 localhost.localdomain kernel: pci 0000:00:17.4: PCI bridge to [bus 17]
Apr 05 07:47:10 localhost.localdomain kernel: pci 0000:00:17.4:   bridge window [mem 0xfc200000-0xfc2fffff]
Apr 05 07:47:10 localhost.localdomain kernel: pci 0000:00:17.4:   bridge window [mem 0xe6800000-0xe68fffff 64bit pref]
Apr 05 07:47:10 localhost.localdomain kernel: pci 0000:00:17.5: PCI bridge to [bus 18]
Apr 05 07:47:10 localhost.localdomain kernel: pci 0000:00:17.5:   bridge window [mem 0xfbe00000-0xfbefffff]
Apr 05 07:47:10 localhost.localdomain kernel: pci 0000:00:17.5:   bridge window [mem 0xe6400000-0xe64fffff 64bit pref]
Apr 05 07:47:10 localhost.localdomain kernel: pci 0000:00:17.6: PCI bridge to [bus 19]
Apr 05 07:47:10 localhost.localdomain kernel: pci 0000:00:17.6:   bridge window [mem 0xfba00000-0xfbafffff]
Apr 05 07:47:10 localhost.localdomain kernel: pci 0000:00:17.6:   bridge window [mem 0xe6000000-0xe60fffff 64bit pref]
Apr 05 07:47:10 localhost.localdomain kernel: pci 0000:00:17.7: PCI bridge to [bus 1a]
Apr 05 07:47:10 localhost.localdomain kernel: pci 0000:00:17.7:   bridge window [mem 0xfb600000-0xfb6fffff]
Apr 05 07:47:10 localhost.localdomain kernel: pci 0000:00:17.7:   bridge window [mem 0xe5c00000-0xe5cfffff 64bit pref]
Apr 05 07:47:10 localhost.localdomain kernel: pci 0000:00:18.0: PCI bridge to [bus 1b]
Apr 05 07:47:10 localhost.localdomain kernel: pci 0000:00:18.0:   bridge window [io  0x7000-0x7fff]
Apr 05 07:47:10 localhost.localdomain kernel: pci 0000:00:18.0:   bridge window [mem 0xfd100000-0xfd1fffff]
Apr 05 07:47:10 localhost.localdomain kernel: pci 0000:00:18.0:   bridge window [mem 0xe7700000-0xe77fffff 64bit pref]
Apr 05 07:47:10 localhost.localdomain kernel: pci 0000:00:18.1: PCI bridge to [bus 1c]
Apr 05 07:47:10 localhost.localdomain kernel: pci 0000:00:18.1:   bridge window [io  0xb000-0xbfff]
Apr 05 07:47:10 localhost.localdomain kernel: pci 0000:00:18.1:   bridge window [mem 0xfcd00000-0xfcdfffff]
Apr 05 07:47:10 localhost.localdomain kernel: pci 0000:00:18.1:   bridge window [mem 0xe7300000-0xe73fffff 64bit pref]
Apr 05 07:47:10 localhost.localdomain kernel: pci 0000:00:18.2: PCI bridge to [bus 1d]
Apr 05 07:47:10 localhost.localdomain kernel: pci 0000:00:18.2:   bridge window [mem 0xfc900000-0xfc9fffff]
Apr 05 07:47:10 localhost.localdomain kernel: pci 0000:00:18.2:   bridge window [mem 0xe6f00000-0xe6ffffff 64bit pref]
Apr 05 07:47:10 localhost.localdomain kernel: pci 0000:00:18.3: PCI bridge to [bus 1e]
Apr 05 07:47:10 localhost.localdomain kernel: pci 0000:00:18.3:   bridge window [mem 0xfc500000-0xfc5fffff]
Apr 05 07:47:10 localhost.localdomain kernel: pci 0000:00:18.3:   bridge window [mem 0xe6b00000-0xe6bfffff 64bit pref]
Apr 05 07:47:10 localhost.localdomain kernel: pci 0000:00:18.4: PCI bridge to [bus 1f]
Apr 05 07:47:10 localhost.localdomain kernel: pci 0000:00:18.4:   bridge window [mem 0xfc100000-0xfc1fffff]
Apr 05 07:47:10 localhost.localdomain kernel: pci 0000:00:18.4:   bridge window [mem 0xe6700000-0xe67fffff 64bit pref]
Apr 05 07:47:10 localhost.localdomain kernel: pci 0000:00:18.5: PCI bridge to [bus 20]
Apr 05 07:47:10 localhost.localdomain kernel: pci 0000:00:18.5:   bridge window [mem 0xfbd00000-0xfbdfffff]
Apr 05 07:47:10 localhost.localdomain kernel: pci 0000:00:18.5:   bridge window [mem 0xe6300000-0xe63fffff 64bit pref]
Apr 05 07:47:10 localhost.localdomain kernel: pci 0000:00:18.6: PCI bridge to [bus 21]
Apr 05 07:47:10 localhost.localdomain kernel: pci 0000:00:18.6:   bridge window [mem 0xfb900000-0xfb9fffff]
Apr 05 07:47:10 localhost.localdomain kernel: pci 0000:00:18.6:   bridge window [mem 0xe5f00000-0xe5ffffff 64bit pref]
Apr 05 07:47:10 localhost.localdomain kernel: pci 0000:00:18.7: PCI bridge to [bus 22]
Apr 05 07:47:10 localhost.localdomain kernel: pci 0000:00:18.7:   bridge window [mem 0xfb500000-0xfb5fffff]
Apr 05 07:47:10 localhost.localdomain kernel: pci 0000:00:18.7:   bridge window [mem 0xe5b00000-0xe5bfffff 64bit pref]
Apr 05 07:47:10 localhost.localdomain kernel: ACPI: PCI Interrupt Link [LNKA] (IRQs 3 4 5 6 7 *9 10 11 14 15)
Apr 05 07:47:10 localhost.localdomain kernel: ACPI: PCI Interrupt Link [LNKB] (IRQs 3 4 5 6 7 9 10 *11 14 15)
Apr 05 07:47:10 localhost.localdomain kernel: ACPI: PCI Interrupt Link [LNKC] (IRQs 3 4 5 6 7 9 *10 11 14 15)
Apr 05 07:47:10 localhost.localdomain kernel: ACPI: PCI Interrupt Link [LNKD] (IRQs 3 4 5 6 *7 9 10 11 14 15)
Apr 05 07:47:10 localhost.localdomain kernel: pci 0000:00:0f.0: vgaarb: setting as boot VGA device
Apr 05 07:47:10 localhost.localdomain kernel: pci 0000:00:0f.0: vgaarb: VGA device added: decodes=io+mem,owns=io+mem,locks=none
Apr 05 07:47:10 localhost.localdomain kernel: pci 0000:00:0f.0: vgaarb: bridge control possible
Apr 05 07:47:10 localhost.localdomain kernel: vgaarb: loaded
Apr 05 07:47:10 localhost.localdomain kernel: SCSI subsystem initialized
Apr 05 07:47:10 localhost.localdomain kernel: libata version 3.00 loaded.
Apr 05 07:47:10 localhost.localdomain kernel: ACPI: bus type USB registered
Apr 05 07:47:10 localhost.localdomain kernel: usbcore: registered new interface driver usbfs
Apr 05 07:47:10 localhost.localdomain kernel: usbcore: registered new interface driver hub
Apr 05 07:47:10 localhost.localdomain kernel: usbcore: registered new device driver usb
Apr 05 07:47:10 localhost.localdomain kernel: pps_core: LinuxPPS API ver. 1 registered
Apr 05 07:47:10 localhost.localdomain kernel: pps_core: Software ver. 5.3.6 - Copyright 2005-2007 Rodolfo Giometti <giometti@linux.it>
Apr 05 07:47:10 localhost.localdomain kernel: PTP clock support registered
Apr 05 07:47:10 localhost.localdomain kernel: EDAC MC: Ver: 3.0.0
Apr 05 07:47:10 localhost.localdomain kernel: PCI: Using ACPI for IRQ routing
Apr 05 07:47:10 localhost.localdomain kernel: PCI: pci_cache_line_size set to 64 bytes
Apr 05 07:47:10 localhost.localdomain kernel: e820: reserve RAM buffer [mem 0x0009ec00-0x0009ffff]
Apr 05 07:47:10 localhost.localdomain kernel: e820: reserve RAM buffer [mem 0x7fee0000-0x7fffffff]
Apr 05 07:47:10 localhost.localdomain kernel: NetLabel: Initializing
Apr 05 07:47:10 localhost.localdomain kernel: NetLabel:  domain hash size = 128
Apr 05 07:47:10 localhost.localdomain kernel: NetLabel:  protocols = UNLABELED CIPSOv4 CALIPSO
Apr 05 07:47:10 localhost.localdomain kernel: NetLabel:  unlabeled traffic allowed by default
Apr 05 07:47:10 localhost.localdomain kernel: hpet0: at MMIO 0xfed00000, IRQs 2, 8, 0, 0, 0, 0, 0, 0, 0, 0, 0, 0, 0, 0, 0, 0
Apr 05 07:47:10 localhost.localdomain kernel: hpet0: 16 comparators, 64-bit 14.318180 MHz counter
Apr 05 07:47:10 localhost.localdomain kernel: clocksource: Switched to clocksource tsc-early
Apr 05 07:47:10 localhost.localdomain kernel: VFS: Disk quotas dquot_6.6.0
Apr 05 07:47:10 localhost.localdomain kernel: VFS: Dquot-cache hash table entries: 512 (order 0, 4096 bytes)
Apr 05 07:47:10 localhost.localdomain kernel: pnp: PnP ACPI init
Apr 05 07:47:10 localhost.localdomain kernel: system 00:00: [io  0x1000-0x103f] has been reserved
Apr 05 07:47:10 localhost.localdomain kernel: system 00:00: [io  0x1040-0x104f] has been reserved
Apr 05 07:47:10 localhost.localdomain kernel: system 00:00: [io  0x0cf0-0x0cf1] has been reserved
Apr 05 07:47:10 localhost.localdomain kernel: system 00:00: Plug and Play ACPI device, IDs PNP0c02 (active)
Apr 05 07:47:10 localhost.localdomain kernel: pnp 00:01: Plug and Play ACPI device, IDs PNP0b00 (active)
Apr 05 07:47:10 localhost.localdomain kernel: pnp 00:02: Plug and Play ACPI device, IDs PNP0303 (active)
Apr 05 07:47:10 localhost.localdomain kernel: pnp 00:03: Plug and Play ACPI device, IDs VMW0003 PNP0f13 (active)
Apr 05 07:47:10 localhost.localdomain kernel: system 00:04: [mem 0xfed00000-0xfed003ff] has been reserved
Apr 05 07:47:10 localhost.localdomain kernel: system 00:04: Plug and Play ACPI device, IDs PNP0103 PNP0c01 (active)
Apr 05 07:47:10 localhost.localdomain kernel: pnp 00:05: Plug and Play ACPI device, IDs PNP0501 (active)
Apr 05 07:47:10 localhost.localdomain kernel: system 00:06: [io  0xfce0-0xfcff] has been reserved
Apr 05 07:47:10 localhost.localdomain kernel: system 00:06: [mem 0xf0000000-0xf7ffffff] has been reserved
Apr 05 07:47:10 localhost.localdomain kernel: system 00:06: [mem 0xfe800000-0xfe9fffff] has been reserved
Apr 05 07:47:10 localhost.localdomain kernel: system 00:06: Plug and Play ACPI device, IDs PNP0c02 (active)
Apr 05 07:47:10 localhost.localdomain kernel: pnp: PnP ACPI: found 7 devices
Apr 05 07:47:10 localhost.localdomain kernel: clocksource: acpi_pm: mask: 0xffffff max_cycles: 0xffffff, max_idle_ns: 2085701024 ns
Apr 05 07:47:10 localhost.localdomain kernel: pci 0000:00:15.3: bridge window [io  0x1000-0x0fff] to [bus 06] add_size 1000
Apr 05 07:47:10 localhost.localdomain kernel: pci 0000:00:15.4: bridge window [io  0x1000-0x0fff] to [bus 07] add_size 1000
Apr 05 07:47:10 localhost.localdomain kernel: pci 0000:00:15.5: bridge window [io  0x1000-0x0fff] to [bus 08] add_size 1000
Apr 05 07:47:10 localhost.localdomain kernel: pci 0000:00:15.6: bridge window [io  0x1000-0x0fff] to [bus 09] add_size 1000
Apr 05 07:47:10 localhost.localdomain kernel: pci 0000:00:15.7: bridge window [io  0x1000-0x0fff] to [bus 0a] add_size 1000
Apr 05 07:47:10 localhost.localdomain kernel: pci 0000:00:16.3: bridge window [io  0x1000-0x0fff] to [bus 0e] add_size 1000
Apr 05 07:47:10 localhost.localdomain kernel: pci 0000:00:16.4: bridge window [io  0x1000-0x0fff] to [bus 0f] add_size 1000
Apr 05 07:47:10 localhost.localdomain kernel: pci 0000:00:16.5: bridge window [io  0x1000-0x0fff] to [bus 10] add_size 1000
Apr 05 07:47:10 localhost.localdomain kernel: pci 0000:00:16.6: bridge window [io  0x1000-0x0fff] to [bus 11] add_size 1000
Apr 05 07:47:10 localhost.localdomain kernel: pci 0000:00:16.7: bridge window [io  0x1000-0x0fff] to [bus 12] add_size 1000
Apr 05 07:47:10 localhost.localdomain kernel: pci 0000:00:17.3: bridge window [io  0x1000-0x0fff] to [bus 16] add_size 1000
Apr 05 07:47:10 localhost.localdomain kernel: pci 0000:00:17.4: bridge window [io  0x1000-0x0fff] to [bus 17] add_size 1000
Apr 05 07:47:10 localhost.localdomain kernel: pci 0000:00:17.5: bridge window [io  0x1000-0x0fff] to [bus 18] add_size 1000
Apr 05 07:47:10 localhost.localdomain kernel: pci 0000:00:17.6: bridge window [io  0x1000-0x0fff] to [bus 19] add_size 1000
Apr 05 07:47:10 localhost.localdomain kernel: pci 0000:00:17.7: bridge window [io  0x1000-0x0fff] to [bus 1a] add_size 1000
Apr 05 07:47:10 localhost.localdomain kernel: pci 0000:00:18.2: bridge window [io  0x1000-0x0fff] to [bus 1d] add_size 1000
Apr 05 07:47:10 localhost.localdomain kernel: pci 0000:00:18.3: bridge window [io  0x1000-0x0fff] to [bus 1e] add_size 1000
Apr 05 07:47:10 localhost.localdomain kernel: pci 0000:00:18.4: bridge window [io  0x1000-0x0fff] to [bus 1f] add_size 1000
Apr 05 07:47:10 localhost.localdomain kernel: pci 0000:00:18.5: bridge window [io  0x1000-0x0fff] to [bus 20] add_size 1000
Apr 05 07:47:10 localhost.localdomain kernel: pci 0000:00:18.6: bridge window [io  0x1000-0x0fff] to [bus 21] add_size 1000
Apr 05 07:47:10 localhost.localdomain kernel: pci 0000:00:18.7: bridge window [io  0x1000-0x0fff] to [bus 22] add_size 1000
Apr 05 07:47:10 localhost.localdomain kernel: pci 0000:00:0f.0: BAR 6: assigned [mem 0xc0000000-0xc0007fff pref]
Apr 05 07:47:10 localhost.localdomain kernel: pci 0000:00:10.0: BAR 6: assigned [mem 0xc0008000-0xc000bfff pref]
Apr 05 07:47:10 localhost.localdomain kernel: pci 0000:00:15.3: BAR 13: no space for [io  size 0x1000]
Apr 05 07:47:10 localhost.localdomain kernel: pci 0000:00:15.3: BAR 13: failed to assign [io  size 0x1000]
Apr 05 07:47:10 localhost.localdomain kernel: pci 0000:00:15.4: BAR 13: no space for [io  size 0x1000]
Apr 05 07:47:10 localhost.localdomain kernel: pci 0000:00:15.4: BAR 13: failed to assign [io  size 0x1000]
Apr 05 07:47:10 localhost.localdomain kernel: pci 0000:00:15.5: BAR 13: no space for [io  size 0x1000]
Apr 05 07:47:10 localhost.localdomain kernel: pci 0000:00:15.5: BAR 13: failed to assign [io  size 0x1000]
Apr 05 07:47:10 localhost.localdomain kernel: pci 0000:00:15.6: BAR 13: no space for [io  size 0x1000]
Apr 05 07:47:10 localhost.localdomain kernel: pci 0000:00:15.6: BAR 13: failed to assign [io  size 0x1000]
Apr 05 07:47:10 localhost.localdomain kernel: pci 0000:00:15.7: BAR 13: no space for [io  size 0x1000]
Apr 05 07:47:10 localhost.localdomain kernel: pci 0000:00:15.7: BAR 13: failed to assign [io  size 0x1000]
Apr 05 07:47:10 localhost.localdomain kernel: pci 0000:00:16.3: BAR 13: no space for [io  size 0x1000]
Apr 05 07:47:10 localhost.localdomain kernel: pci 0000:00:16.3: BAR 13: failed to assign [io  size 0x1000]
Apr 05 07:47:10 localhost.localdomain kernel: pci 0000:00:16.4: BAR 13: no space for [io  size 0x1000]
Apr 05 07:47:10 localhost.localdomain kernel: pci 0000:00:16.4: BAR 13: failed to assign [io  size 0x1000]
Apr 05 07:47:10 localhost.localdomain kernel: pci 0000:00:16.5: BAR 13: no space for [io  size 0x1000]
Apr 05 07:47:10 localhost.localdomain kernel: pci 0000:00:16.5: BAR 13: failed to assign [io  size 0x1000]
Apr 05 07:47:10 localhost.localdomain kernel: pci 0000:00:16.6: BAR 13: no space for [io  size 0x1000]
Apr 05 07:47:10 localhost.localdomain kernel: pci 0000:00:16.6: BAR 13: failed to assign [io  size 0x1000]
Apr 05 07:47:10 localhost.localdomain kernel: pci 0000:00:16.7: BAR 13: no space for [io  size 0x1000]
Apr 05 07:47:10 localhost.localdomain kernel: pci 0000:00:16.7: BAR 13: failed to assign [io  size 0x1000]
Apr 05 07:47:10 localhost.localdomain kernel: pci 0000:00:17.3: BAR 13: no space for [io  size 0x1000]
Apr 05 07:47:10 localhost.localdomain kernel: pci 0000:00:17.3: BAR 13: failed to assign [io  size 0x1000]
Apr 05 07:47:10 localhost.localdomain kernel: pci 0000:00:17.4: BAR 13: no space for [io  size 0x1000]
Apr 05 07:47:10 localhost.localdomain kernel: pci 0000:00:17.4: BAR 13: failed to assign [io  size 0x1000]
Apr 05 07:47:10 localhost.localdomain kernel: pci 0000:00:17.5: BAR 13: no space for [io  size 0x1000]
Apr 05 07:47:10 localhost.localdomain kernel: pci 0000:00:17.5: BAR 13: failed to assign [io  size 0x1000]
Apr 05 07:47:10 localhost.localdomain kernel: pci 0000:00:17.6: BAR 13: no space for [io  size 0x1000]
Apr 05 07:47:10 localhost.localdomain kernel: pci 0000:00:17.6: BAR 13: failed to assign [io  size 0x1000]
Apr 05 07:47:10 localhost.localdomain kernel: pci 0000:00:17.7: BAR 13: no space for [io  size 0x1000]
Apr 05 07:47:10 localhost.localdomain kernel: pci 0000:00:17.7: BAR 13: failed to assign [io  size 0x1000]
Apr 05 07:47:10 localhost.localdomain kernel: pci 0000:00:18.2: BAR 13: no space for [io  size 0x1000]
Apr 05 07:47:10 localhost.localdomain kernel: pci 0000:00:18.2: BAR 13: failed to assign [io  size 0x1000]
Apr 05 07:47:10 localhost.localdomain kernel: pci 0000:00:18.3: BAR 13: no space for [io  size 0x1000]
Apr 05 07:47:10 localhost.localdomain kernel: pci 0000:00:18.3: BAR 13: failed to assign [io  size 0x1000]
Apr 05 07:47:10 localhost.localdomain kernel: pci 0000:00:18.4: BAR 13: no space for [io  size 0x1000]
Apr 05 07:47:10 localhost.localdomain kernel: pci 0000:00:18.4: BAR 13: failed to assign [io  size 0x1000]
Apr 05 07:47:10 localhost.localdomain kernel: pci 0000:00:18.5: BAR 13: no space for [io  size 0x1000]
Apr 05 07:47:10 localhost.localdomain kernel: pci 0000:00:18.5: BAR 13: failed to assign [io  size 0x1000]
Apr 05 07:47:10 localhost.localdomain kernel: pci 0000:00:18.6: BAR 13: no space for [io  size 0x1000]
Apr 05 07:47:10 localhost.localdomain kernel: pci 0000:00:18.6: BAR 13: failed to assign [io  size 0x1000]
Apr 05 07:47:10 localhost.localdomain kernel: pci 0000:00:18.7: BAR 13: no space for [io  size 0x1000]
Apr 05 07:47:10 localhost.localdomain kernel: pci 0000:00:18.7: BAR 13: failed to assign [io  size 0x1000]
Apr 05 07:47:10 localhost.localdomain kernel: pci 0000:00:18.7: BAR 13: no space for [io  size 0x1000]
Apr 05 07:47:10 localhost.localdomain kernel: pci 0000:00:18.7: BAR 13: failed to assign [io  size 0x1000]
Apr 05 07:47:10 localhost.localdomain kernel: pci 0000:00:18.6: BAR 13: no space for [io  size 0x1000]
Apr 05 07:47:10 localhost.localdomain kernel: pci 0000:00:18.6: BAR 13: failed to assign [io  size 0x1000]
Apr 05 07:47:10 localhost.localdomain kernel: pci 0000:00:18.5: BAR 13: no space for [io  size 0x1000]
Apr 05 07:47:10 localhost.localdomain kernel: pci 0000:00:18.5: BAR 13: failed to assign [io  size 0x1000]
Apr 05 07:47:10 localhost.localdomain kernel: pci 0000:00:18.4: BAR 13: no space for [io  size 0x1000]
Apr 05 07:47:10 localhost.localdomain kernel: pci 0000:00:18.4: BAR 13: failed to assign [io  size 0x1000]
Apr 05 07:47:10 localhost.localdomain kernel: pci 0000:00:18.3: BAR 13: no space for [io  size 0x1000]
Apr 05 07:47:10 localhost.localdomain kernel: pci 0000:00:18.3: BAR 13: failed to assign [io  size 0x1000]
Apr 05 07:47:10 localhost.localdomain kernel: pci 0000:00:18.2: BAR 13: no space for [io  size 0x1000]
Apr 05 07:47:10 localhost.localdomain kernel: pci 0000:00:18.2: BAR 13: failed to assign [io  size 0x1000]
Apr 05 07:47:10 localhost.localdomain kernel: pci 0000:00:17.7: BAR 13: no space for [io  size 0x1000]
Apr 05 07:47:10 localhost.localdomain kernel: pci 0000:00:17.7: BAR 13: failed to assign [io  size 0x1000]
Apr 05 07:47:10 localhost.localdomain kernel: pci 0000:00:17.6: BAR 13: no space for [io  size 0x1000]
Apr 05 07:47:10 localhost.localdomain kernel: pci 0000:00:17.6: BAR 13: failed to assign [io  size 0x1000]
Apr 05 07:47:10 localhost.localdomain kernel: pci 0000:00:17.5: BAR 13: no space for [io  size 0x1000]
Apr 05 07:47:10 localhost.localdomain kernel: pci 0000:00:17.5: BAR 13: failed to assign [io  size 0x1000]
Apr 05 07:47:10 localhost.localdomain kernel: pci 0000:00:17.4: BAR 13: no space for [io  size 0x1000]
Apr 05 07:47:10 localhost.localdomain kernel: pci 0000:00:17.4: BAR 13: failed to assign [io  size 0x1000]
Apr 05 07:47:10 localhost.localdomain kernel: pci 0000:00:17.3: BAR 13: no space for [io  size 0x1000]
Apr 05 07:47:10 localhost.localdomain kernel: pci 0000:00:17.3: BAR 13: failed to assign [io  size 0x1000]
Apr 05 07:47:10 localhost.localdomain kernel: pci 0000:00:16.7: BAR 13: no space for [io  size 0x1000]
Apr 05 07:47:10 localhost.localdomain kernel: pci 0000:00:16.7: BAR 13: failed to assign [io  size 0x1000]
Apr 05 07:47:10 localhost.localdomain kernel: pci 0000:00:16.6: BAR 13: no space for [io  size 0x1000]
Apr 05 07:47:10 localhost.localdomain kernel: pci 0000:00:16.6: BAR 13: failed to assign [io  size 0x1000]
Apr 05 07:47:10 localhost.localdomain kernel: pci 0000:00:16.5: BAR 13: no space for [io  size 0x1000]
Apr 05 07:47:10 localhost.localdomain kernel: pci 0000:00:16.5: BAR 13: failed to assign [io  size 0x1000]
Apr 05 07:47:10 localhost.localdomain kernel: pci 0000:00:16.4: BAR 13: no space for [io  size 0x1000]
Apr 05 07:47:10 localhost.localdomain kernel: pci 0000:00:16.4: BAR 13: failed to assign [io  size 0x1000]
Apr 05 07:47:10 localhost.localdomain kernel: pci 0000:00:16.3: BAR 13: no space for [io  size 0x1000]
Apr 05 07:47:10 localhost.localdomain kernel: pci 0000:00:16.3: BAR 13: failed to assign [io  size 0x1000]
Apr 05 07:47:10 localhost.localdomain kernel: pci 0000:00:15.7: BAR 13: no space for [io  size 0x1000]
Apr 05 07:47:10 localhost.localdomain kernel: pci 0000:00:15.7: BAR 13: failed to assign [io  size 0x1000]
Apr 05 07:47:10 localhost.localdomain kernel: pci 0000:00:15.6: BAR 13: no space for [io  size 0x1000]
Apr 05 07:47:10 localhost.localdomain kernel: pci 0000:00:15.6: BAR 13: failed to assign [io  size 0x1000]
Apr 05 07:47:10 localhost.localdomain kernel: pci 0000:00:15.5: BAR 13: no space for [io  size 0x1000]
Apr 05 07:47:10 localhost.localdomain kernel: pci 0000:00:15.5: BAR 13: failed to assign [io  size 0x1000]
Apr 05 07:47:10 localhost.localdomain kernel: pci 0000:00:15.4: BAR 13: no space for [io  size 0x1000]
Apr 05 07:47:10 localhost.localdomain kernel: pci 0000:00:15.4: BAR 13: failed to assign [io  size 0x1000]
Apr 05 07:47:10 localhost.localdomain kernel: pci 0000:00:15.3: BAR 13: no space for [io  size 0x1000]
Apr 05 07:47:10 localhost.localdomain kernel: pci 0000:00:15.3: BAR 13: failed to assign [io  size 0x1000]
Apr 05 07:47:10 localhost.localdomain kernel: pci 0000:00:01.0: PCI bridge to [bus 01]
Apr 05 07:47:10 localhost.localdomain kernel: pci 0000:02:01.0: BAR 6: assigned [mem 0xfd500000-0xfd50ffff pref]
Apr 05 07:47:10 localhost.localdomain kernel: pci 0000:00:11.0: PCI bridge to [bus 02]
Apr 05 07:47:10 localhost.localdomain kernel: pci 0000:00:11.0:   bridge window [io  0x2000-0x3fff]
Apr 05 07:47:10 localhost.localdomain kernel: pci 0000:00:11.0:   bridge window [mem 0xfd500000-0xfdffffff]
Apr 05 07:47:10 localhost.localdomain kernel: pci 0000:00:11.0:   bridge window [mem 0xe7b00000-0xe7ffffff 64bit pref]
Apr 05 07:47:10 localhost.localdomain kernel: pci 0000:00:15.0: PCI bridge to [bus 03]
Apr 05 07:47:10 localhost.localdomain kernel: pci 0000:00:15.0:   bridge window [io  0x4000-0x4fff]
Apr 05 07:47:10 localhost.localdomain kernel: pci 0000:00:15.0:   bridge window [mem 0xfd400000-0xfd4fffff]
Apr 05 07:47:10 localhost.localdomain kernel: pci 0000:00:15.0:   bridge window [mem 0xe7a00000-0xe7afffff 64bit pref]
Apr 05 07:47:10 localhost.localdomain kernel: pci 0000:00:15.1: PCI bridge to [bus 04]
Apr 05 07:47:10 localhost.localdomain kernel: pci 0000:00:15.1:   bridge window [io  0x8000-0x8fff]
Apr 05 07:47:10 localhost.localdomain kernel: pci 0000:00:15.1:   bridge window [mem 0xfd000000-0xfd0fffff]
Apr 05 07:47:10 localhost.localdomain kernel: pci 0000:00:15.1:   bridge window [mem 0xe7600000-0xe76fffff 64bit pref]
Apr 05 07:47:10 localhost.localdomain kernel: pci 0000:00:15.2: PCI bridge to [bus 05]
Apr 05 07:47:10 localhost.localdomain kernel: pci 0000:00:15.2:   bridge window [io  0xc000-0xcfff]
Apr 05 07:47:10 localhost.localdomain kernel: pci 0000:00:15.2:   bridge window [mem 0xfcc00000-0xfccfffff]
Apr 05 07:47:10 localhost.localdomain kernel: pci 0000:00:15.2:   bridge window [mem 0xe7200000-0xe72fffff 64bit pref]
Apr 05 07:47:10 localhost.localdomain kernel: pci 0000:00:15.3: PCI bridge to [bus 06]
Apr 05 07:47:10 localhost.localdomain kernel: pci 0000:00:15.3:   bridge window [mem 0xfc800000-0xfc8fffff]
Apr 05 07:47:10 localhost.localdomain kernel: pci 0000:00:15.3:   bridge window [mem 0xe6e00000-0xe6efffff 64bit pref]
Apr 05 07:47:10 localhost.localdomain kernel: pci 0000:00:15.4: PCI bridge to [bus 07]
Apr 05 07:47:10 localhost.localdomain kernel: pci 0000:00:15.4:   bridge window [mem 0xfc400000-0xfc4fffff]
Apr 05 07:47:10 localhost.localdomain kernel: pci 0000:00:15.4:   bridge window [mem 0xe6a00000-0xe6afffff 64bit pref]
Apr 05 07:47:10 localhost.localdomain kernel: pci 0000:00:15.5: PCI bridge to [bus 08]
Apr 05 07:47:10 localhost.localdomain kernel: pci 0000:00:15.5:   bridge window [mem 0xfc000000-0xfc0fffff]
Apr 05 07:47:10 localhost.localdomain kernel: pci 0000:00:15.5:   bridge window [mem 0xe6600000-0xe66fffff 64bit pref]
Apr 05 07:47:10 localhost.localdomain kernel: pci 0000:00:15.6: PCI bridge to [bus 09]
Apr 05 07:47:10 localhost.localdomain kernel: pci 0000:00:15.6:   bridge window [mem 0xfbc00000-0xfbcfffff]
Apr 05 07:47:10 localhost.localdomain kernel: pci 0000:00:15.6:   bridge window [mem 0xe6200000-0xe62fffff 64bit pref]
Apr 05 07:47:10 localhost.localdomain kernel: pci 0000:00:15.7: PCI bridge to [bus 0a]
Apr 05 07:47:10 localhost.localdomain kernel: pci 0000:00:15.7:   bridge window [mem 0xfb800000-0xfb8fffff]
Apr 05 07:47:10 localhost.localdomain kernel: pci 0000:00:15.7:   bridge window [mem 0xe5e00000-0xe5efffff 64bit pref]
Apr 05 07:47:10 localhost.localdomain kernel: pci 0000:00:16.0: PCI bridge to [bus 0b]
Apr 05 07:47:10 localhost.localdomain kernel: pci 0000:00:16.0:   bridge window [io  0x5000-0x5fff]
Apr 05 07:47:10 localhost.localdomain kernel: pci 0000:00:16.0:   bridge window [mem 0xfd300000-0xfd3fffff]
Apr 05 07:47:10 localhost.localdomain kernel: pci 0000:00:16.0:   bridge window [mem 0xe7900000-0xe79fffff 64bit pref]
Apr 05 07:47:10 localhost.localdomain kernel: pci 0000:00:16.1: PCI bridge to [bus 0c]
Apr 05 07:47:10 localhost.localdomain kernel: pci 0000:00:16.1:   bridge window [io  0x9000-0x9fff]
Apr 05 07:47:10 localhost.localdomain kernel: pci 0000:00:16.1:   bridge window [mem 0xfcf00000-0xfcffffff]
Apr 05 07:47:10 localhost.localdomain kernel: pci 0000:00:16.1:   bridge window [mem 0xe7500000-0xe75fffff 64bit pref]
Apr 05 07:47:10 localhost.localdomain kernel: pci 0000:00:16.2: PCI bridge to [bus 0d]
Apr 05 07:47:10 localhost.localdomain kernel: pci 0000:00:16.2:   bridge window [io  0xd000-0xdfff]
Apr 05 07:47:10 localhost.localdomain kernel: pci 0000:00:16.2:   bridge window [mem 0xfcb00000-0xfcbfffff]
Apr 05 07:47:10 localhost.localdomain kernel: pci 0000:00:16.2:   bridge window [mem 0xe7100000-0xe71fffff 64bit pref]
Apr 05 07:47:10 localhost.localdomain kernel: pci 0000:00:16.3: PCI bridge to [bus 0e]
Apr 05 07:47:10 localhost.localdomain kernel: pci 0000:00:16.3:   bridge window [mem 0xfc700000-0xfc7fffff]
Apr 05 07:47:10 localhost.localdomain kernel: pci 0000:00:16.3:   bridge window [mem 0xe6d00000-0xe6dfffff 64bit pref]
Apr 05 07:47:10 localhost.localdomain kernel: pci 0000:00:16.4: PCI bridge to [bus 0f]
Apr 05 07:47:10 localhost.localdomain kernel: pci 0000:00:16.4:   bridge window [mem 0xfc300000-0xfc3fffff]
Apr 05 07:47:10 localhost.localdomain kernel: pci 0000:00:16.4:   bridge window [mem 0xe6900000-0xe69fffff 64bit pref]
Apr 05 07:47:10 localhost.localdomain kernel: pci 0000:00:16.5: PCI bridge to [bus 10]
Apr 05 07:47:10 localhost.localdomain kernel: pci 0000:00:16.5:   bridge window [mem 0xfbf00000-0xfbffffff]
Apr 05 07:47:10 localhost.localdomain kernel: pci 0000:00:16.5:   bridge window [mem 0xe6500000-0xe65fffff 64bit pref]
Apr 05 07:47:10 localhost.localdomain kernel: pci 0000:00:16.6: PCI bridge to [bus 11]
Apr 05 07:47:10 localhost.localdomain kernel: pci 0000:00:16.6:   bridge window [mem 0xfbb00000-0xfbbfffff]
Apr 05 07:47:10 localhost.localdomain kernel: pci 0000:00:16.6:   bridge window [mem 0xe6100000-0xe61fffff 64bit pref]
Apr 05 07:47:10 localhost.localdomain kernel: pci 0000:00:16.7: PCI bridge to [bus 12]
Apr 05 07:47:10 localhost.localdomain kernel: pci 0000:00:16.7:   bridge window [mem 0xfb700000-0xfb7fffff]
Apr 05 07:47:10 localhost.localdomain kernel: pci 0000:00:16.7:   bridge window [mem 0xe5d00000-0xe5dfffff 64bit pref]
Apr 05 07:47:10 localhost.localdomain kernel: pci 0000:00:17.0: PCI bridge to [bus 13]
Apr 05 07:47:10 localhost.localdomain kernel: pci 0000:00:17.0:   bridge window [io  0x6000-0x6fff]
Apr 05 07:47:10 localhost.localdomain kernel: pci 0000:00:17.0:   bridge window [mem 0xfd200000-0xfd2fffff]
Apr 05 07:47:10 localhost.localdomain kernel: pci 0000:00:17.0:   bridge window [mem 0xe7800000-0xe78fffff 64bit pref]
Apr 05 07:47:10 localhost.localdomain kernel: pci 0000:00:17.1: PCI bridge to [bus 14]
Apr 05 07:47:10 localhost.localdomain kernel: pci 0000:00:17.1:   bridge window [io  0xa000-0xafff]
Apr 05 07:47:10 localhost.localdomain kernel: pci 0000:00:17.1:   bridge window [mem 0xfce00000-0xfcefffff]
Apr 05 07:47:10 localhost.localdomain kernel: pci 0000:00:17.1:   bridge window [mem 0xe7400000-0xe74fffff 64bit pref]
Apr 05 07:47:10 localhost.localdomain kernel: pci 0000:00:17.2: PCI bridge to [bus 15]
Apr 05 07:47:10 localhost.localdomain kernel: pci 0000:00:17.2:   bridge window [io  0xe000-0xefff]
Apr 05 07:47:10 localhost.localdomain kernel: pci 0000:00:17.2:   bridge window [mem 0xfca00000-0xfcafffff]
Apr 05 07:47:10 localhost.localdomain kernel: pci 0000:00:17.2:   bridge window [mem 0xe7000000-0xe70fffff 64bit pref]
Apr 05 07:47:10 localhost.localdomain kernel: pci 0000:00:17.3: PCI bridge to [bus 16]
Apr 05 07:47:10 localhost.localdomain kernel: pci 0000:00:17.3:   bridge window [mem 0xfc600000-0xfc6fffff]
Apr 05 07:47:10 localhost.localdomain kernel: pci 0000:00:17.3:   bridge window [mem 0xe6c00000-0xe6cfffff 64bit pref]
Apr 05 07:47:10 localhost.localdomain kernel: pci 0000:00:17.4: PCI bridge to [bus 17]
Apr 05 07:47:10 localhost.localdomain kernel: pci 0000:00:17.4:   bridge window [mem 0xfc200000-0xfc2fffff]
Apr 05 07:47:10 localhost.localdomain kernel: pci 0000:00:17.4:   bridge window [mem 0xe6800000-0xe68fffff 64bit pref]
Apr 05 07:47:10 localhost.localdomain kernel: pci 0000:00:17.5: PCI bridge to [bus 18]
Apr 05 07:47:10 localhost.localdomain kernel: pci 0000:00:17.5:   bridge window [mem 0xfbe00000-0xfbefffff]
Apr 05 07:47:10 localhost.localdomain kernel: pci 0000:00:17.5:   bridge window [mem 0xe6400000-0xe64fffff 64bit pref]
Apr 05 07:47:10 localhost.localdomain kernel: pci 0000:00:17.6: PCI bridge to [bus 19]
Apr 05 07:47:10 localhost.localdomain kernel: pci 0000:00:17.6:   bridge window [mem 0xfba00000-0xfbafffff]
Apr 05 07:47:10 localhost.localdomain kernel: pci 0000:00:17.6:   bridge window [mem 0xe6000000-0xe60fffff 64bit pref]
Apr 05 07:47:10 localhost.localdomain kernel: pci 0000:00:17.7: PCI bridge to [bus 1a]
Apr 05 07:47:10 localhost.localdomain kernel: pci 0000:00:17.7:   bridge window [mem 0xfb600000-0xfb6fffff]
Apr 05 07:47:10 localhost.localdomain kernel: pci 0000:00:17.7:   bridge window [mem 0xe5c00000-0xe5cfffff 64bit pref]
Apr 05 07:47:10 localhost.localdomain kernel: pci 0000:00:18.0: PCI bridge to [bus 1b]
Apr 05 07:47:10 localhost.localdomain kernel: pci 0000:00:18.0:   bridge window [io  0x7000-0x7fff]
